Archive member included to satisfy reference by file (symbol)

/opt/intelFPGA/16.1/nios2eds/bin/gnu/H-x86_64-pc-linux-gnu/bin/../lib/gcc/nios2-elf/5.3.0/mhw-mulx/libgcc.a(floatsisf.o)
                              obj/default/hello_ucosii.o (__floatsisf)
/opt/intelFPGA/16.1/nios2eds/bin/gnu/H-x86_64-pc-linux-gnu/bin/../lib/gcc/nios2-elf/5.3.0/mhw-mulx/libgcc.a(gedf2.o)
                              obj/default/hello_ucosii.o (__gedf2)
/opt/intelFPGA/16.1/nios2eds/bin/gnu/H-x86_64-pc-linux-gnu/bin/../lib/gcc/nios2-elf/5.3.0/mhw-mulx/libgcc.a(extendsfdf2.o)
                              obj/default/hello_ucosii.o (__extendsfdf2)
/opt/intelFPGA/16.1/nios2eds/bin/gnu/H-x86_64-pc-linux-gnu/bin/../lib/gcc/nios2-elf/5.3.0/mhw-mulx/libgcc.a(_clzsi2.o)
                              /opt/intelFPGA/16.1/nios2eds/bin/gnu/H-x86_64-pc-linux-gnu/bin/../lib/gcc/nios2-elf/5.3.0/mhw-mulx/libgcc.a(floatsisf.o) (__clzsi2)
/opt/intelFPGA/16.1/nios2eds/bin/gnu/H-x86_64-pc-linux-gnu/bin/../lib/gcc/nios2-elf/5.3.0/mhw-mulx/libgcc.a(_clz.o)
                              /opt/intelFPGA/16.1/nios2eds/bin/gnu/H-x86_64-pc-linux-gnu/bin/../lib/gcc/nios2-elf/5.3.0/mhw-mulx/libgcc.a(_clzsi2.o) (__clz_tab)
/opt/intelFPGA/16.1/nios2eds/bin/gnu/H-x86_64-pc-linux-gnu/bin/../lib/gcc/nios2-elf/5.3.0/../../../../../H-x86_64-pc-linux-gnu/nios2-elf/lib/mhw-mulx/libc.a(lib_a-memcpy.o)
                              obj/default/hello_ucosii.o (memcpy)
/opt/intelFPGA/16.1/nios2eds/bin/gnu/H-x86_64-pc-linux-gnu/bin/../lib/gcc/nios2-elf/5.3.0/../../../../../H-x86_64-pc-linux-gnu/nios2-elf/lib/mhw-mulx/libc.a(lib_a-printf.o)
                              obj/default/hello_ucosii.o (printf)
/opt/intelFPGA/16.1/nios2eds/bin/gnu/H-x86_64-pc-linux-gnu/bin/../lib/gcc/nios2-elf/5.3.0/../../../../../H-x86_64-pc-linux-gnu/nios2-elf/lib/mhw-mulx/libc.a(lib_a-rand.o)
                              obj/default/hello_ucosii.o (srand)
/opt/intelFPGA/16.1/nios2eds/bin/gnu/H-x86_64-pc-linux-gnu/bin/../lib/gcc/nios2-elf/5.3.0/../../../../../H-x86_64-pc-linux-gnu/nios2-elf/lib/mhw-mulx/libc.a(lib_a-sprintf.o)
                              obj/default/hello_ucosii.o (sprintf)
/opt/intelFPGA/16.1/nios2eds/bin/gnu/H-x86_64-pc-linux-gnu/bin/../lib/gcc/nios2-elf/5.3.0/../../../../../H-x86_64-pc-linux-gnu/nios2-elf/lib/mhw-mulx/libc.a(lib_a-svfprintf.o)
                              /opt/intelFPGA/16.1/nios2eds/bin/gnu/H-x86_64-pc-linux-gnu/bin/../lib/gcc/nios2-elf/5.3.0/../../../../../H-x86_64-pc-linux-gnu/nios2-elf/lib/mhw-mulx/libc.a(lib_a-sprintf.o) (___svfprintf_internal_r)
/opt/intelFPGA/16.1/nios2eds/bin/gnu/H-x86_64-pc-linux-gnu/bin/../lib/gcc/nios2-elf/5.3.0/../../../../../H-x86_64-pc-linux-gnu/nios2-elf/lib/mhw-mulx/libc.a(lib_a-vfprintf.o)
                              /opt/intelFPGA/16.1/nios2eds/bin/gnu/H-x86_64-pc-linux-gnu/bin/../lib/gcc/nios2-elf/5.3.0/../../../../../H-x86_64-pc-linux-gnu/nios2-elf/lib/mhw-mulx/libc.a(lib_a-printf.o) (___vfprintf_internal_r)
/opt/intelFPGA/16.1/nios2eds/bin/gnu/H-x86_64-pc-linux-gnu/bin/../lib/gcc/nios2-elf/5.3.0/../../../../../H-x86_64-pc-linux-gnu/nios2-elf/lib/mhw-mulx/libc.a(lib_a-wsetup.o)
                              /opt/intelFPGA/16.1/nios2eds/bin/gnu/H-x86_64-pc-linux-gnu/bin/../lib/gcc/nios2-elf/5.3.0/../../../../../H-x86_64-pc-linux-gnu/nios2-elf/lib/mhw-mulx/libc.a(lib_a-vfprintf.o) (__swsetup_r)
/opt/intelFPGA/16.1/nios2eds/bin/gnu/H-x86_64-pc-linux-gnu/bin/../lib/gcc/nios2-elf/5.3.0/../../../../../H-x86_64-pc-linux-gnu/nios2-elf/lib/mhw-mulx/libc.a(lib_a-dtoa.o)
                              /opt/intelFPGA/16.1/nios2eds/bin/gnu/H-x86_64-pc-linux-gnu/bin/../lib/gcc/nios2-elf/5.3.0/../../../../../H-x86_64-pc-linux-gnu/nios2-elf/lib/mhw-mulx/libc.a(lib_a-svfprintf.o) (_dtoa_r)
/opt/intelFPGA/16.1/nios2eds/bin/gnu/H-x86_64-pc-linux-gnu/bin/../lib/gcc/nios2-elf/5.3.0/../../../../../H-x86_64-pc-linux-gnu/nios2-elf/lib/mhw-mulx/libc.a(lib_a-fflush.o)
                              /opt/intelFPGA/16.1/nios2eds/bin/gnu/H-x86_64-pc-linux-gnu/bin/../lib/gcc/nios2-elf/5.3.0/../../../../../H-x86_64-pc-linux-gnu/nios2-elf/lib/mhw-mulx/libc.a(lib_a-vfprintf.o) (_fflush_r)
/opt/intelFPGA/16.1/nios2eds/bin/gnu/H-x86_64-pc-linux-gnu/bin/../lib/gcc/nios2-elf/5.3.0/../../../../../H-x86_64-pc-linux-gnu/nios2-elf/lib/mhw-mulx/libc.a(lib_a-findfp.o)
                              /opt/intelFPGA/16.1/nios2eds/bin/gnu/H-x86_64-pc-linux-gnu/bin/../lib/gcc/nios2-elf/5.3.0/../../../../../H-x86_64-pc-linux-gnu/nios2-elf/lib/mhw-mulx/libc.a(lib_a-vfprintf.o) (__sinit)
/opt/intelFPGA/16.1/nios2eds/bin/gnu/H-x86_64-pc-linux-gnu/bin/../lib/gcc/nios2-elf/5.3.0/../../../../../H-x86_64-pc-linux-gnu/nios2-elf/lib/mhw-mulx/libc.a(lib_a-freer.o)
                              /opt/intelFPGA/16.1/nios2eds/bin/gnu/H-x86_64-pc-linux-gnu/bin/../lib/gcc/nios2-elf/5.3.0/../../../../../H-x86_64-pc-linux-gnu/nios2-elf/lib/mhw-mulx/libc.a(lib_a-wsetup.o) (_free_r)
[...]
Memory Configuration

Name             Origin             Length             Attributes
reset            0x0000000000000000 0x0000000000000020
SDRAM            0x0000000000000020 0x0000000003ffffe0
VGA_Subsystem_Char_Buf_Subsystem_Onchip_SRAM 0x0000000009000000 0x0000000000002000
*default*        0x0000000000000000 0xffffffffffffffff

Linker script and memory map

LOAD ../ucosii_bsp//obj/HAL/src/crt0.o
LOAD obj/default/de2_keys.o
LOAD obj/default/de2_lcd.o
LOAD obj/default/de2_led.o
LOAD obj/default/de2_seven_segment_hex.o
LOAD obj/default/de2_spencerAnimations.o
LOAD obj/default/de2_sw.o
LOAD obj/default/de2_vga.o
LOAD obj/default/hello_ucosii.o
LOAD /opt/intelFPGA/16.1/nios2eds/bin/gnu/H-x86_64-pc-linux-gnu/bin/../lib/gcc/nios2-elf/5.3.0/../../../../../H-x86_64-pc-linux-gnu/nios2-elf/lib/mhw-mulx/libstdc++.a
LOAD /opt/intelFPGA/16.1/nios2eds/bin/gnu/H-x86_64-pc-linux-gnu/bin/../lib/gcc/nios2-elf/5.3.0/../../../../../H-x86_64-pc-linux-gnu/nios2-elf/lib/mhw-mulx/libm.a
LOAD /opt/intelFPGA/16.1/nios2eds/bin/gnu/H-x86_64-pc-linux-gnu/bin/../lib/gcc/nios2-elf/5.3.0/mhw-mulx/libgcc.a
START GROUP
LOAD /opt/intelFPGA/16.1/nios2eds/bin/gnu/H-x86_64-pc-linux-gnu/bin/../lib/gcc/nios2-elf/5.3.0/../../../../../H-x86_64-pc-linux-gnu/nios2-elf/lib/mhw-mulx/libc.a
LOAD /opt/intelFPGA/16.1/nios2eds/bin/gnu/H-x86_64-pc-linux-gnu/bin/../lib/gcc/nios2-elf/5.3.0/mhw-mulx/libgcc.a
LOAD ../ucosii_bsp//libucosii_bsp.a
LOAD /opt/intelFPGA/16.1/nios2eds/bin/gnu/H-x86_64-pc-linux-gnu/bin/../lib/gcc/nios2-elf/5.3.0/../../../../../H-x86_64-pc-linux-gnu/nios2-elf/lib/mhw-mulx/libm.a
END GROUP
LOAD /opt/intelFPGA/16.1/nios2eds/bin/gnu/H-x86_64-pc-linux-gnu/bin/../lib/gcc/nios2-elf/5.3.0/mhw-mulx/libgcc.a
                0x0000000000000000                __alt_mem_SDRAM = 0x0
                0x0000000009000000                __alt_mem_VGA_Subsystem_Char_Buf_Subsystem_Onchip_SRAM = 0x9000000

.entry          0x0000000000000000       0x20
 *(.entry)
 .entry         0x0000000000000000       0x20 ../ucosii_bsp//obj/HAL/src/crt0.o
                0x0000000000000000                __reset

.exceptions     0x0000000000000020      0x228
                0x0000000000000020                PROVIDE (__ram_exceptions_start, ABSOLUTE (.))
                0x0000000000000020                . = ALIGN (0x20)
 *(.irq)
 *(.exceptions.entry.label)
 .exceptions.entry.label
                0x0000000000000020        0x0 ../ucosii_bsp//libucosii_bsp.a(alt_irq_entry.o)
                0x0000000000000020                alt_irq_entry
 .exceptions.entry.label
                0x0000000000000020        0x0 ../ucosii_bsp//libucosii_bsp.a(alt_exception_entry.o)
                0x0000000000000020                alt_exception
 *(.exceptions.entry.user)
 *(.exceptions.entry.ecc_fatal)
 *(.exceptions.entry)
 .exceptions.entry
                0x0000000000000020       0x54 ../ucosii_bsp//libucosii_bsp.a(alt_exception_entry.o)
 *(.exceptions.irqtest.user)
 *(.exceptions.irqtest)
 .exceptions.irqtest
                0x0000000000000074       0x10 ../ucosii_bsp//libucosii_bsp.a(alt_irq_entry.o)
 *(.exceptions.irqhandler.user)
 *(.exceptions.irqhandler)
 .exceptions.irqhandler
                0x0000000000000084        0x4 ../ucosii_bsp//libucosii_bsp.a(alt_irq_entry.o)
 *(.exceptions.irqreturn.user)
 *(.exceptions.irqreturn)
 .exceptions.irqreturn
                0x0000000000000088        0x4 ../ucosii_bsp//libucosii_bsp.a(alt_irq_entry.o)
 *(.exceptions.notirq.label)
 .exceptions.notirq.label
                0x000000000000008c        0x0 ../ucosii_bsp//libucosii_bsp.a(alt_irq_entry.o)
 *(.exceptions.notirq.user)
 *(.exceptions.notirq)
 .exceptions.notirq
                0x000000000000008c        0x8 ../ucosii_bsp//libucosii_bsp.a(alt_exception_entry.o)
 *(.exceptions.soft.user)
 *(.exceptions.soft)
 *(.exceptions.unknown.user)
 *(.exceptions.unknown)
 .exceptions.unknown
                0x0000000000000094       0x14 ../ucosii_bsp//libucosii_bsp.a(alt_exception_entry.o)
 *(.exceptions.exit.label)
 .exceptions.exit.label
                0x00000000000000a8        0x0 ../ucosii_bsp//libucosii_bsp.a(alt_irq_entry.o)
 .exceptions.exit.label
                0x00000000000000a8        0x0 ../ucosii_bsp//libucosii_bsp.a(alt_exception_entry.o)
 *(.exceptions.exit.user)
 *(.exceptions.exit)
 .exceptions.exit
                0x00000000000000a8       0x54 ../ucosii_bsp//libucosii_bsp.a(alt_exception_entry.o)
 *(.exceptions)
 .exceptions    0x00000000000000fc       0xd8 ../ucosii_bsp//libucosii_bsp.a(alt_irq_handler.o)
                0x00000000000000fc                alt_irq_handler
 .exceptions    0x00000000000001d4       0x74 ../ucosii_bsp//libucosii_bsp.a(alt_instruction_exception_entry.o)
                0x00000000000001d4                alt_instruction_exception_entry
                0x0000000000000248                PROVIDE (__ram_exceptions_end, ABSOLUTE (.))
                0x0000000000000020                PROVIDE (__flash_exceptions_start, LOADADDR (.exceptions))

.text           0x0000000000000248    0x272a4
                [!provide]                        PROVIDE (stext, ABSOLUTE (.))
 *(.interp)
 *(.hash)
 *(.dynsym)
 *(.dynstr)
 *(.gnu.version)
 *(.gnu.version_d)
 *(.gnu.version_r)
 *(.rel.init)
 *(.rela.init)
 *(.rel.text .rel.text.* .rel.gnu.linkonce.t.*)
 *(.rela.text .rela.text.* .rela.gnu.linkonce.t.*)
 *(.rel.fini)
 *(.rela.fini)
 *(.rel.rodata .rel.rodata.* .rel.gnu.linkonce.r.*)
 *(.rela.rodata .rela.rodata.* .rela.gnu.linkonce.r.*)
 *(.rel.data .rel.data.* .rel.gnu.linkonce.d.*)
 *(.rela.data .rela.data.* .rela.gnu.linkonce.d.*)
 *(.rel.tdata .rel.tdata.* .rel.gnu.linkonce.td.*)
 *(.rela.tdata .rela.tdata.* .rela.gnu.linkonce.td.*)
 *(.rel.tbss .rel.tbss.* .rel.gnu.linkonce.tb.*)
 *(.rela.tbss .rela.tbss.* .rela.gnu.linkonce.tb.*)
 *(.rel.ctors)
 *(.rela.ctors)
 *(.rel.dtors)
 *(.rela.dtors)
 *(.rel.got)
 *(.rela.got)
 *(.rel.sdata .rel.sdata.* .rel.gnu.linkonce.s.*)
 *(.rela.sdata .rela.sdata.* .rela.gnu.linkonce.s.*)
 *(.rel.sbss .rel.sbss.* .rel.gnu.linkonce.sb.*)
 *(.rela.sbss .rela.sbss.* .rela.gnu.linkonce.sb.*)
 *(.rel.sdata2 .rel.sdata2.* .rel.gnu.linkonce.s2.*)
 *(.rela.sdata2 .rela.sdata2.* .rela.gnu.linkonce.s2.*)
 *(.rel.sbss2 .rel.sbss2.* .rel.gnu.linkonce.sb2.*)
 *(.rela.sbss2 .rela.sbss2.* .rela.gnu.linkonce.sb2.*)
 *(.rel.bss .rel.bss.* .rel.gnu.linkonce.b.*)
 *(.rela.bss .rela.bss.* .rela.gnu.linkonce.b.*)
 *(.rel.plt)
 *(.rela.plt)
 *(.rel.dyn)
 *(.init)
 *(.plt)
 *(.text .stub .text.* .gnu.linkonce.t.*)
 .text          0x0000000000000248       0x3c ../ucosii_bsp//obj/HAL/src/crt0.o
                0x0000000000000248                _start
 .text          0x0000000000000284      0x1d8 obj/default/de2_keys.o
                0x0000000000000284                key_is_pressed
                0x00000000000002bc                wait_for_key_depress
                0x0000000000000300                enable_key_interrupts
                0x0000000000000330                interrupt_key_is_pressed
                0x0000000000000368                clear_key_interrupt
                0x0000000000000394                edgecapture_key_is_pressed
                0x00000000000003cc                edgecapture_any_key_is_pressed
                0x0000000000000430                clear_edgecapture_register
 .text          0x000000000000045c      0x148 obj/default/de2_lcd.o
                0x000000000000045c                LCD_cursor
                0x00000000000004c8                LCD_text
                0x0000000000000534                LCD_cursor_off
                0x000000000000056c                LCD_clear
 .text          0x00000000000005a4      0x318 obj/default/de2_led.o
                0x00000000000005a4                set_ledr
                0x00000000000005d4                set_ledg
                0x0000000000000608                set_ledr_bit
                0x000000000000065c                set_ledg_bit
                0x00000000000006b8                clear_ledr_bit
                0x0000000000000710                clear_ledg_bit
                0x0000000000000770                toggle_ledr_bit
                0x00000000000007c4                toggle_ledg_bit
                0x0000000000000820                is_ledr_set
                0x000000000000086c                is_ledg_set
 .text          0x00000000000008bc      0xa18 obj/default/de2_seven_segment_hex.o
                0x00000000000008bc                display_hex_on_seven_segment
                0x0000000000000b94                get_display_from_hex
                0x0000000000000ca0                display_a_decimal_number_on_seven_segment
                0x0000000000000ce0                display_a_decimal_number_starting_on_any_seven_segment
                0x000000000000129c                explode_seven_segment
 .text          0x00000000000012d4     0x766c obj/default/de2_spencerAnimations.o
                0x00000000000012d4                spencerBGReset
                0x0000000000001318                spencerNeutralPose1
                0x0000000000001c30                spencerNeutralPose2
                0x0000000000002548                spencerWinPose1
                0x0000000000002fec                spencerWinPose2
                0x0000000000003b4c                spencerWinPose3
                0x00000000000046ac                spencerLosePose1
                0x0000000000004fe0                spencerLosePose2
                0x00000000000059d8                spencerLosePose3
                0x00000000000063d0                spencerTimeRunningOutPose1
                0x0000000000006f54                spencerTimeRunningOutPose2
                0x0000000000007bb0                spencerTimeRunningOutPose3
 .text          0x0000000000008940       0xb0 obj/default/de2_sw.o
                0x0000000000008940                get_hex_value_from_switches
                0x000000000000898c                get_value_of_switch
                0x00000000000089c0                get_value_of_all_switches
 .text          0x00000000000089f0      0x14c obj/default/de2_vga.o
                0x00000000000089f0                VGA_box
                0x0000000000008aa8                VGA_text
 .text          0x0000000000008b3c     0x25b0 obj/default/hello_ucosii.o
                0x0000000000008e00                getNumber
                0x0000000000008e64                getNumberMult
                0x0000000000008ec8                getOperation
                0x0000000000008f74                getOperationSymbol
                0x0000000000008fd4                getAns
                0x0000000000009060                inVGAMode
                0x000000000000909c                inHexMode
                0x00000000000090d8                getReadyNewQuestion
                0x0000000000009118                getReadyDisplayResult
                0x0000000000009158                getReadyEndOfLevel
                0x0000000000009198                getReadyGoForwardLevel
                0x00000000000091d8                getReadyGoBackwardLevel
                0x0000000000009218                clearLevel
                0x0000000000009290                updateLevel
                0x000000000000989c                explodeVGAAnimationCuesFlags
                0x000000000000990c                explodeBinaryMathGame
                0x0000000000009e28                TaskStartup
                0x0000000000009f20                TaskScanKey
                0x0000000000009fac                TaskScanSwitch
                0x0000000000009ff4                TaskSubmit
                0x000000000000a090                TaskDisplayEndOfLevelLCD
                0x000000000000a1f8                TaskDisplayResultLCD
                0x000000000000a318                TaskUpdateQuestion
                0x000000000000a568                TaskUpdateTimer
                0x000000000000a5e0                TaskDisplayTimer
                0x000000000000a68c                TaskDisplayLevel
                0x000000000000a6e4                TaskUpdateQuestionPosedLCD
                0x000000000000a770                TaskUpdateQuestionNumberLCD
                0x000000000000a7e4                TaskDrawAnimationsVGA
                0x000000000000a924                TaskDisplayEndOfLevelVGA
                0x000000000000aacc                TaskDisplayResultVGA
                0x000000000000ac00                TaskDisplayTimerVGA
                0x000000000000ad60                TaskDisplayLevelVGA
                0x000000000000adb8                TaskUpdateQuestionPosedVGA
                0x000000000000ae44                TaskUpdateQuestionNumberVGA
                0x000000000000aeb4                main
 .text          0x000000000000b0ec      0x124 /opt/intelFPGA/16.1/nios2eds/bin/gnu/H-x86_64-pc-linux-gnu/bin/../lib/gcc/nios2-elf/5.3.0/mhw-mulx/libgcc.a(floatsisf.o)
                0x000000000000b0ec                __floatsisf
 .text          0x000000000000b210       0xdc /opt/intelFPGA/16.1/nios2eds/bin/gnu/H-x86_64-pc-linux-gnu/bin/../lib/gcc/nios2-elf/5.3.0/mhw-mulx/libgcc.a(gedf2.o)
                0x000000000000b210                __gtdf2
                0x000000000000b210                __gedf2
 .text          0x000000000000b2ec      0x110 /opt/intelFPGA/16.1/nios2eds/bin/gnu/H-x86_64-pc-linux-gnu/bin/../lib/gcc/nios2-elf/5.3.0/mhw-mulx/libgcc.a(extendsfdf2.o)
                0x000000000000b2ec                __extendsfdf2
 .text          0x000000000000b3fc       0x64 /opt/intelFPGA/16.1/nios2eds/bin/gnu/H-x86_64-pc-linux-gnu/bin/../lib/gcc/nios2-elf/5.3.0/mhw-mulx/libgcc.a(_clzsi2.o)
                0x000000000000b3fc                __clzsi2
 .text          0x000000000000b460        0x0 /opt/intelFPGA/16.1/nios2eds/bin/gnu/H-x86_64-pc-linux-gnu/bin/../lib/gcc/nios2-elf/5.3.0/mhw-mulx/libgcc.a(_clz.o)
 .text          0x000000000000b460        0x0 /opt/intelFPGA/16.1/nios2eds/bin/gnu/H-x86_64-pc-linux-gnu/bin/../lib/gcc/nios2-elf/5.3.0/../../../../../H-x86_64-pc-linux-gnu/nios2-elf/lib/mhw-mulx/libc.a(lib_a-memcpy.o)
 .text.memcpy   0x000000000000b460      0x148 /opt/intelFPGA/16.1/nios2eds/bin/gnu/H-x86_64-pc-linux-gnu/bin/../lib/gcc/nios2-elf/5.3.0/../../../../../H-x86_64-pc-linux-gnu/nios2-elf/lib/mhw-mulx/libc.a(lib_a-memcpy.o)
                0x000000000000b460                memcpy
 .text          0x000000000000b5a8        0x0 /opt/intelFPGA/16.1/nios2eds/bin/gnu/H-x86_64-pc-linux-gnu/bin/../lib/gcc/nios2-elf/5.3.0/../../../../../H-x86_64-pc-linux-gnu/nios2-elf/lib/mhw-mulx/libc.a(lib_a-printf.o)
 .text._printf_r
                0x000000000000b5a8       0x30 /opt/intelFPGA/16.1/nios2eds/bin/gnu/H-x86_64-pc-linux-gnu/bin/../lib/gcc/nios2-elf/5.3.0/../../../../../H-x86_64-pc-linux-gnu/nios2-elf/lib/mhw-mulx/libc.a(lib_a-printf.o)
                0x000000000000b5a8                _printf_r
 .text.printf   0x000000000000b5d8       0x3c /opt/intelFPGA/16.1/nios2eds/bin/gnu/H-x86_64-pc-linux-gnu/bin/../lib/gcc/nios2-elf/5.3.0/../../../../../H-x86_64-pc-linux-gnu/nios2-elf/lib/mhw-mulx/libc.a(lib_a-printf.o)
                0x000000000000b5d8                printf
 .text          0x000000000000b614        0x0 /opt/intelFPGA/16.1/nios2eds/bin/gnu/H-x86_64-pc-linux-gnu/bin/../lib/gcc/nios2-elf/5.3.0/../../../../../H-x86_64-pc-linux-gnu/nios2-elf/lib/mhw-mulx/libc.a(lib_a-rand.o)
 .text.srand    0x000000000000b614       0x18 /opt/intelFPGA/16.1/nios2eds/bin/gnu/H-x86_64-pc-linux-gnu/bin/../lib/gcc/nios2-elf/5.3.0/../../../../../H-x86_64-pc-linux-gnu/nios2-elf/lib/mhw-mulx/libc.a(lib_a-rand.o)
                0x000000000000b614                srand
 .text.rand     0x000000000000b62c       0x60 /opt/intelFPGA/16.1/nios2eds/bin/gnu/H-x86_64-pc-linux-gnu/bin/../lib/gcc/nios2-elf/5.3.0/../../../../../H-x86_64-pc-linux-gnu/nios2-elf/lib/mhw-mulx/libc.a(lib_a-rand.o)
                0x000000000000b62c                rand
 .text          0x000000000000b68c        0x0 /opt/intelFPGA/16.1/nios2eds/bin/gnu/H-x86_64-pc-linux-gnu/bin/../lib/gcc/nios2-elf/5.3.0/../../../../../H-x86_64-pc-linux-gnu/nios2-elf/lib/mhw-mulx/libc.a(lib_a-sprintf.o)
 .text._sprintf_r
                0x000000000000b68c       0x58 /opt/intelFPGA/16.1/nios2eds/bin/gnu/H-x86_64-pc-linux-gnu/bin/../lib/gcc/nios2-elf/5.3.0/../../../../../H-x86_64-pc-linux-gnu/nios2-elf/lib/mhw-mulx/libc.a(lib_a-sprintf.o)
                0x000000000000b68c                _sprintf_r
 .text.sprintf  0x000000000000b6e4       0x6c /opt/intelFPGA/16.1/nios2eds/bin/gnu/H-x86_64-pc-linux-gnu/bin/../lib/gcc/nios2-elf/5.3.0/../../../../../H-x86_64-pc-linux-gnu/nios2-elf/lib/mhw-mulx/libc.a(lib_a-sprintf.o)
                0x000000000000b6e4                sprintf
 .text          0x000000000000b750        0x0 /opt/intelFPGA/16.1/nios2eds/bin/gnu/H-x86_64-pc-linux-gnu/bin/../lib/gcc/nios2-elf/5.3.0/../../../../../H-x86_64-pc-linux-gnu/nios2-elf/lib/mhw-mulx/libc.a(lib_a-svfprintf.o)
 .text.___svfprintf_internal_r
                0x000000000000b750     0x21d8 /opt/intelFPGA/16.1/nios2eds/bin/gnu/H-x86_64-pc-linux-gnu/bin/../lib/gcc/nios2-elf/5.3.0/../../../../../H-x86_64-pc-linux-gnu/nios2-elf/lib/mhw-mulx/libc.a(lib_a-svfprintf.o)
                0x000000000000b750                ___svfprintf_internal_r
 .text          0x000000000000d928        0x0 /opt/intelFPGA/16.1/nios2eds/bin/gnu/H-x86_64-pc-linux-gnu/bin/../lib/gcc/nios2-elf/5.3.0/../../../../../H-x86_64-pc-linux-gnu/nios2-elf/lib/mhw-mulx/libc.a(lib_a-vfprintf.o)
 .text.___vfprintf_internal_r
                0x000000000000d928     0x21f8 /opt/intelFPGA/16.1/nios2eds/bin/gnu/H-x86_64-pc-linux-gnu/bin/../lib/gcc/nios2-elf/5.3.0/../../../../../H-x86_64-pc-linux-gnu/nios2-elf/lib/mhw-mulx/libc.a(lib_a-vfprintf.o)
                0x000000000000d928                ___vfprintf_internal_r
 .text.__vfprintf_internal
                0x000000000000fb20       0x1c /opt/intelFPGA/16.1/nios2eds/bin/gnu/H-x86_64-pc-linux-gnu/bin/../lib/gcc/nios2-elf/5.3.0/../../../../../H-x86_64-pc-linux-gnu/nios2-elf/lib/mhw-mulx/libc.a(lib_a-vfprintf.o)
                0x000000000000fb20                __vfprintf_internal
 .text.__sbprintf
                0x000000000000fb3c       0xbc /opt/intelFPGA/16.1/nios2eds/bin/gnu/H-x86_64-pc-linux-gnu/bin/../lib/gcc/nios2-elf/5.3.0/../../../../../H-x86_64-pc-linux-gnu/nios2-elf/lib/mhw-mulx/libc.a(lib_a-vfprintf.o)
 .text          0x000000000000fbf8        0x0 /opt/intelFPGA/16.1/nios2eds/bin/gnu/H-x86_64-pc-linux-gnu/bin/../lib/gcc/nios2-elf/5.3.0/../../../../../H-x86_64-pc-linux-gnu/nios2-elf/lib/mhw-mulx/libc.a(lib_a-wsetup.o)
 .text.__swsetup_r
                0x000000000000fbf8      0x154 /opt/intelFPGA/16.1/nios2eds/bin/gnu/H-x86_64-pc-linux-gnu/bin/../lib/gcc/nios2-elf/5.3.0/../../../../../H-x86_64-pc-linux-gnu/nios2-elf/lib/mhw-mulx/libc.a(lib_a-wsetup.o)
                0x000000000000fbf8                __swsetup_r
 .text          0x000000000000fd4c        0x0 /opt/intelFPGA/16.1/nios2eds/bin/gnu/H-x86_64-pc-linux-gnu/bin/../lib/gcc/nios2-elf/5.3.0/../../../../../H-x86_64-pc-linux-gnu/nios2-elf/lib/mhw-mulx/libc.a(lib_a-dtoa.o)
 .text.quorem   0x000000000000fd4c      0x200 /opt/intelFPGA/16.1/nios2eds/bin/gnu/H-x86_64-pc-linux-gnu/bin/../lib/gcc/nios2-elf/5.3.0/../../../../../H-x86_64-pc-linux-gnu/nios2-elf/lib/mhw-mulx/libc.a(lib_a-dtoa.o)
 .text._dtoa_r  0x000000000000ff4c     0x1688 /opt/intelFPGA/16.1/nios2eds/bin/gnu/H-x86_64-pc-linux-gnu/bin/../lib/gcc/nios2-elf/5.3.0/../../../../../H-x86_64-pc-linux-gnu/nios2-elf/lib/mhw-mulx/libc.a(lib_a-dtoa.o)
                0x000000000000ff4c                _dtoa_r
 .text          0x00000000000115d4        0x0 /opt/intelFPGA/16.1/nios2eds/bin/gnu/H-x86_64-pc-linux-gnu/bin/../lib/gcc/nios2-elf/5.3.0/../../../../../H-x86_64-pc-linux-gnu/nios2-elf/lib/mhw-mulx/libc.a(lib_a-fflush.o)
 .text.__sflush_r
                0x00000000000115d4      0x21c /opt/intelFPGA/16.1/nios2eds/bin/gnu/H-x86_64-pc-linux-gnu/bin/../lib/gcc/nios2-elf/5.3.0/../../../../../H-x86_64-pc-linux-gnu/nios2-elf/lib/mhw-mulx/libc.a(lib_a-fflush.o)
                0x00000000000115d4                __sflush_r
 .text._fflush_r
                0x00000000000117f0       0x5c /opt/intelFPGA/16.1/nios2eds/bin/gnu/H-x86_64-pc-linux-gnu/bin/../lib/gcc/nios2-elf/5.3.0/../../../../../H-x86_64-pc-linux-gnu/nios2-elf/lib/mhw-mulx/libc.a(lib_a-fflush.o)
                0x00000000000117f0                _fflush_r
 .text.fflush   0x000000000001184c       0x30 /opt/intelFPGA/16.1/nios2eds/bin/gnu/H-x86_64-pc-linux-gnu/bin/../lib/gcc/nios2-elf/5.3.0/../../../../../H-x86_64-pc-linux-gnu/nios2-elf/lib/mhw-mulx/libc.a(lib_a-fflush.o)
                0x000000000001184c                fflush
 .text          0x000000000001187c        0x0 /opt/intelFPGA/16.1/nios2eds/bin/gnu/H-x86_64-pc-linux-gnu/bin/../lib/gcc/nios2-elf/5.3.0/../../../../../H-x86_64-pc-linux-gnu/nios2-elf/lib/mhw-mulx/libc.a(lib_a-findfp.o)
 .text.__fp_unlock
                0x000000000001187c        0x8 /opt/intelFPGA/16.1/nios2eds/bin/gnu/H-x86_64-pc-linux-gnu/bin/../lib/gcc/nios2-elf/5.3.0/../../../../../H-x86_64-pc-linux-gnu/nios2-elf/lib/mhw-mulx/libc.a(lib_a-findfp.o)
 .text._cleanup_r
                0x0000000000011884        0xc /opt/intelFPGA/16.1/nios2eds/bin/gnu/H-x86_64-pc-linux-gnu/bin/../lib/gcc/nios2-elf/5.3.0/../../../../../H-x86_64-pc-linux-gnu/nios2-elf/lib/mhw-mulx/libc.a(lib_a-findfp.o)
                0x0000000000011884                _cleanup_r
 .text.__sinit.part.1
                0x0000000000011890      0x19c /opt/intelFPGA/16.1/nios2eds/bin/gnu/H-x86_64-pc-linux-gnu/bin/../lib/gcc/nios2-elf/5.3.0/../../../../../H-x86_64-pc-linux-gnu/nios2-elf/lib/mhw-mulx/libc.a(lib_a-findfp.o)
 .text.__fp_lock
                0x0000000000011a2c        0x8 /opt/intelFPGA/16.1/nios2eds/bin/gnu/H-x86_64-pc-linux-gnu/bin/../lib/gcc/nios2-elf/5.3.0/../../../../../H-x86_64-pc-linux-gnu/nios2-elf/lib/mhw-mulx/libc.a(lib_a-findfp.o)
 .text.__sfmoreglue
                0x0000000000011a34       0x68 /opt/intelFPGA/16.1/nios2eds/bin/gnu/H-x86_64-pc-linux-gnu/bin/../lib/gcc/nios2-elf/5.3.0/../../../../../H-x86_64-pc-linux-gnu/nios2-elf/lib/mhw-mulx/libc.a(lib_a-findfp.o)
                0x0000000000011a34                __sfmoreglue
 .text.__sfp    0x0000000000011a9c      0x118 /opt/intelFPGA/16.1/nios2eds/bin/gnu/H-x86_64-pc-linux-gnu/bin/../lib/gcc/nios2-elf/5.3.0/../../../../../H-x86_64-pc-linux-gnu/nios2-elf/lib/mhw-mulx/libc.a(lib_a-findfp.o)
                0x0000000000011a9c                __sfp
 .text._cleanup
                0x0000000000011bb4       0x18 /opt/intelFPGA/16.1/nios2eds/bin/gnu/H-x86_64-pc-linux-gnu/bin/../lib/gcc/nios2-elf/5.3.0/../../../../../H-x86_64-pc-linux-gnu/nios2-elf/lib/mhw-mulx/libc.a(lib_a-findfp.o)
                0x0000000000011bb4                _cleanup
 .text.__sinit  0x0000000000011bcc       0x10 /opt/intelFPGA/16.1/nios2eds/bin/gnu/H-x86_64-pc-linux-gnu/bin/../lib/gcc/nios2-elf/5.3.0/../../../../../H-x86_64-pc-linux-gnu/nios2-elf/lib/mhw-mulx/libc.a(lib_a-findfp.o)
                0x0000000000011bcc                __sinit
 .text.__sfp_lock_acquire
                0x0000000000011bdc        0x4 /opt/intelFPGA/16.1/nios2eds/bin/gnu/H-x86_64-pc-linux-gnu/bin/../lib/gcc/nios2-elf/5.3.0/../../../../../H-x86_64-pc-linux-gnu/nios2-elf/lib/mhw-mulx/libc.a(lib_a-findfp.o)
                0x0000000000011bdc                __sfp_lock_acquire
 .text.__sfp_lock_release
                0x0000000000011be0        0x4 /opt/intelFPGA/16.1/nios2eds/bin/gnu/H-x86_64-pc-linux-gnu/bin/../lib/gcc/nios2-elf/5.3.0/../../../../../H-x86_64-pc-linux-gnu/nios2-elf/lib/mhw-mulx/libc.a(lib_a-findfp.o)
                0x0000000000011be0                __sfp_lock_release
 .text.__sinit_lock_acquire
                0x0000000000011be4        0x4 /opt/intelFPGA/16.1/nios2eds/bin/gnu/H-x86_64-pc-linux-gnu/bin/../lib/gcc/nios2-elf/5.3.0/../../../../../H-x86_64-pc-linux-gnu/nios2-elf/lib/mhw-mulx/libc.a(lib_a-findfp.o)
                0x0000000000011be4                __sinit_lock_acquire
 .text.__sinit_lock_release
                0x0000000000011be8        0x4 /opt/intelFPGA/16.1/nios2eds/bin/gnu/H-x86_64-pc-linux-gnu/bin/../lib/gcc/nios2-elf/5.3.0/../../../../../H-x86_64-pc-linux-gnu/nios2-elf/lib/mhw-mulx/libc.a(lib_a-findfp.o)
                0x0000000000011be8                __sinit_lock_release
 .text.__fp_lock_all
                0x0000000000011bec       0x18 /opt/intelFPGA/16.1/nios2eds/bin/gnu/H-x86_64-pc-linux-gnu/bin/../lib/gcc/nios2-elf/5.3.0/../../../../../H-x86_64-pc-linux-gnu/nios2-elf/lib/mhw-mulx/libc.a(lib_a-findfp.o)
                0x0000000000011bec                __fp_lock_all
 .text.__fp_unlock_all
                0x0000000000011c04       0x18 /opt/intelFPGA/16.1/nios2eds/bin/gnu/H-x86_64-pc-linux-gnu/bin/../lib/gcc/nios2-elf/5.3.0/../../../../../H-x86_64-pc-linux-gnu/nios2-elf/lib/mhw-mulx/libc.a(lib_a-findfp.o)
                0x0000000000011c04                __fp_unlock_all
 .text          0x0000000000011c1c        0x0 /opt/intelFPGA/16.1/nios2eds/bin/gnu/H-x86_64-pc-linux-gnu/bin/../lib/gcc/nios2-elf/5.3.0/../../../../../H-x86_64-pc-linux-gnu/nios2-elf/lib/mhw-mulx/libc.a(lib_a-freer.o)
 .text._malloc_trim_r
                0x0000000000011c1c      0x124 /opt/intelFPGA/16.1/nios2eds/bin/gnu/H-x86_64-pc-linux-gnu/bin/../lib/gcc/nios2-elf/5.3.0/../../../../../H-x86_64-pc-linux-gnu/nios2-elf/lib/mhw-mulx/libc.a(lib_a-freer.o)
                0x0000000000011c1c                _malloc_trim_r
 .text._free_r  0x0000000000011d40      0x310 /opt/intelFPGA/16.1/nios2eds/bin/gnu/H-x86_64-pc-linux-gnu/bin/../lib/gcc/nios2-elf/5.3.0/../../../../../H-x86_64-pc-linux-gnu/nios2-elf/lib/mhw-mulx/libc.a(lib_a-freer.o)
                0x0000000000011d40                _free_r
 .text          0x0000000000012050        0x0 /opt/intelFPGA/16.1/nios2eds/bin/gnu/H-x86_64-pc-linux-gnu/bin/../lib/gcc/nios2-elf/5.3.0/../../../../../H-x86_64-pc-linux-gnu/nios2-elf/lib/mhw-mulx/libc.a(lib_a-fwalk.o)
 .text._fwalk   0x0000000000012050       0xc4 /opt/intelFPGA/16.1/nios2eds/bin/gnu/H-x86_64-pc-linux-gnu/bin/../lib/gcc/nios2-elf/5.3.0/../../../../../H-x86_64-pc-linux-gnu/nios2-elf/lib/mhw-mulx/libc.a(lib_a-fwalk.o)
                0x0000000000012050                _fwalk
 .text._fwalk_reent
                0x0000000000012114       0xc4 /opt/intelFPGA/16.1/nios2eds/bin/gnu/H-x86_64-pc-linux-gnu/bin/../lib/gcc/nios2-elf/5.3.0/../../../../../H-x86_64-pc-linux-gnu/nios2-elf/lib/mhw-mulx/libc.a(lib_a-fwalk.o)
                0x0000000000012114                _fwalk_reent
 .text          0x00000000000121d8        0x0 /opt/intelFPGA/16.1/nios2eds/bin/gnu/H-x86_64-pc-linux-gnu/bin/../lib/gcc/nios2-elf/5.3.0/../../../../../H-x86_64-pc-linux-gnu/nios2-elf/lib/mhw-mulx/libc.a(lib_a-impure.o)
 .text          0x00000000000121d8        0x0 /opt/intelFPGA/16.1/nios2eds/bin/gnu/H-x86_64-pc-linux-gnu/bin/../lib/gcc/nios2-elf/5.3.0/../../../../../H-x86_64-pc-linux-gnu/nios2-elf/lib/mhw-mulx/libc.a(lib_a-locale.o)
 .text._setlocale_r
                0x00000000000121d8       0x7c /opt/intelFPGA/16.1/nios2eds/bin/gnu/H-x86_64-pc-linux-gnu/bin/../lib/gcc/nios2-elf/5.3.0/../../../../../H-x86_64-pc-linux-gnu/nios2-elf/lib/mhw-mulx/libc.a(lib_a-locale.o)
                0x00000000000121d8                _setlocale_r
 .text.__locale_charset
                0x0000000000012254        0xc /opt/intelFPGA/16.1/nios2eds/bin/gnu/H-x86_64-pc-linux-gnu/bin/../lib/gcc/nios2-elf/5.3.0/../../../../../H-x86_64-pc-linux-gnu/nios2-elf/lib/mhw-mulx/libc.a(lib_a-locale.o)
                0x0000000000012254                __locale_charset
 .text.__locale_mb_cur_max
                0x0000000000012260       0x10 /opt/intelFPGA/16.1/nios2eds/bin/gnu/H-x86_64-pc-linux-gnu/bin/../lib/gcc/nios2-elf/5.3.0/../../../../../H-x86_64-pc-linux-gnu/nios2-elf/lib/mhw-mulx/libc.a(lib_a-locale.o)
                0x0000000000012260                __locale_mb_cur_max
 .text.__locale_msgcharset
                0x0000000000012270        0xc /opt/intelFPGA/16.1/nios2eds/bin/gnu/H-x86_64-pc-linux-gnu/bin/../lib/gcc/nios2-elf/5.3.0/../../../../../H-x86_64-pc-linux-gnu/nios2-elf/lib/mhw-mulx/libc.a(lib_a-locale.o)
                0x0000000000012270                __locale_msgcharset
 .text.__locale_cjk_lang
                0x000000000001227c        0x8 /opt/intelFPGA/16.1/nios2eds/bin/gnu/H-x86_64-pc-linux-gnu/bin/../lib/gcc/nios2-elf/5.3.0/../../../../../H-x86_64-pc-linux-gnu/nios2-elf/lib/mhw-mulx/libc.a(lib_a-locale.o)
                0x000000000001227c                __locale_cjk_lang
 .text._localeconv_r
                0x0000000000012284        0xc /opt/intelFPGA/16.1/nios2eds/bin/gnu/H-x86_64-pc-linux-gnu/bin/../lib/gcc/nios2-elf/5.3.0/../../../../../H-x86_64-pc-linux-gnu/nios2-elf/lib/mhw-mulx/libc.a(lib_a-locale.o)
                0x0000000000012284                _localeconv_r
 .text.setlocale
                0x0000000000012290       0x18 /opt/intelFPGA/16.1/nios2eds/bin/gnu/H-x86_64-pc-linux-gnu/bin/../lib/gcc/nios2-elf/5.3.0/../../../../../H-x86_64-pc-linux-gnu/nios2-elf/lib/mhw-mulx/libc.a(lib_a-locale.o)
                0x0000000000012290                setlocale
 .text.localeconv
                0x00000000000122a8        0xc /opt/intelFPGA/16.1/nios2eds/bin/gnu/H-x86_64-pc-linux-gnu/bin/../lib/gcc/nios2-elf/5.3.0/../../../../../H-x86_64-pc-linux-gnu/nios2-elf/lib/mhw-mulx/libc.a(lib_a-locale.o)
                0x00000000000122a8                localeconv
 .text          0x00000000000122b4        0x0 /opt/intelFPGA/16.1/nios2eds/bin/gnu/H-x86_64-pc-linux-gnu/bin/../lib/gcc/nios2-elf/5.3.0/../../../../../H-x86_64-pc-linux-gnu/nios2-elf/lib/mhw-mulx/libc.a(lib_a-makebuf.o)
 .text.__smakebuf_r
                0x00000000000122b4      0x1bc /opt/intelFPGA/16.1/nios2eds/bin/gnu/H-x86_64-pc-linux-gnu/bin/../lib/gcc/nios2-elf/5.3.0/../../../../../H-x86_64-pc-linux-gnu/nios2-elf/lib/mhw-mulx/libc.a(lib_a-makebuf.o)
                0x00000000000122b4                __smakebuf_r
 .text          0x0000000000012470        0x0 /opt/intelFPGA/16.1/nios2eds/bin/gnu/H-x86_64-pc-linux-gnu/bin/../lib/gcc/nios2-elf/5.3.0/../../../../../H-x86_64-pc-linux-gnu/nios2-elf/lib/mhw-mulx/libc.a(lib_a-mallocr.o)
 .text._malloc_r
                0x0000000000012470      0x80c /opt/intelFPGA/16.1/nios2eds/bin/gnu/H-x86_64-pc-linux-gnu/bin/../lib/gcc/nios2-elf/5.3.0/../../../../../H-x86_64-pc-linux-gnu/nios2-elf/lib/mhw-mulx/libc.a(lib_a-mallocr.o)
                0x0000000000012470                _malloc_r
 .text          0x0000000000012c7c        0x0 /opt/intelFPGA/16.1/nios2eds/bin/gnu/H-x86_64-pc-linux-gnu/bin/../lib/gcc/nios2-elf/5.3.0/../../../../../H-x86_64-pc-linux-gnu/nios2-elf/lib/mhw-mulx/libc.a(lib_a-memchr.o)
 .text.memchr   0x0000000000012c7c       0xe4 /opt/intelFPGA/16.1/nios2eds/bin/gnu/H-x86_64-pc-linux-gnu/bin/../lib/gcc/nios2-elf/5.3.0/../../../../../H-x86_64-pc-linux-gnu/nios2-elf/lib/mhw-mulx/libc.a(lib_a-memchr.o)
                0x0000000000012c7c                memchr
 .text          0x0000000000012d60        0x0 /opt/intelFPGA/16.1/nios2eds/bin/gnu/H-x86_64-pc-linux-gnu/bin/../lib/gcc/nios2-elf/5.3.0/../../../../../H-x86_64-pc-linux-gnu/nios2-elf/lib/mhw-mulx/libc.a(lib_a-memset.o)
 .text.memset   0x0000000000012d60      0x128 /opt/intelFPGA/16.1/nios2eds/bin/gnu/H-x86_64-pc-linux-gnu/bin/../lib/gcc/nios2-elf/5.3.0/../../../../../H-x86_64-pc-linux-gnu/nios2-elf/lib/mhw-mulx/libc.a(lib_a-memset.o)
                0x0000000000012d60                memset
 .text          0x0000000000012e88        0x0 /opt/intelFPGA/16.1/nios2eds/bin/gnu/H-x86_64-pc-linux-gnu/bin/../lib/gcc/nios2-elf/5.3.0/../../../../../H-x86_64-pc-linux-gnu/nios2-elf/lib/mhw-mulx/libc.a(lib_a-mprec.o)
 .text._Balloc  0x0000000000012e88       0xa8 /opt/intelFPGA/16.1/nios2eds/bin/gnu/H-x86_64-pc-linux-gnu/bin/../lib/gcc/nios2-elf/5.3.0/../../../../../H-x86_64-pc-linux-gnu/nios2-elf/lib/mhw-mulx/libc.a(lib_a-mprec.o)
                0x0000000000012e88                _Balloc
 .text._Bfree   0x0000000000012f30       0x28 /opt/intelFPGA/16.1/nios2eds/bin/gnu/H-x86_64-pc-linux-gnu/bin/../lib/gcc/nios2-elf/5.3.0/../../../../../H-x86_64-pc-linux-gnu/nios2-elf/lib/mhw-mulx/libc.a(lib_a-mprec.o)
                0x0000000000012f30                _Bfree
 .text.__multadd
                0x0000000000012f58      0x120 /opt/intelFPGA/16.1/nios2eds/bin/gnu/H-x86_64-pc-linux-gnu/bin/../lib/gcc/nios2-elf/5.3.0/../../../../../H-x86_64-pc-linux-gnu/nios2-elf/lib/mhw-mulx/libc.a(lib_a-mprec.o)
                0x0000000000012f58                __multadd
 .text.__s2b    0x0000000000013078      0x104 /opt/intelFPGA/16.1/nios2eds/bin/gnu/H-x86_64-pc-linux-gnu/bin/../lib/gcc/nios2-elf/5.3.0/../../../../../H-x86_64-pc-linux-gnu/nios2-elf/lib/mhw-mulx/libc.a(lib_a-mprec.o)
                0x0000000000013078                __s2b
 .text.__hi0bits
                0x000000000001317c       0x68 /opt/intelFPGA/16.1/nios2eds/bin/gnu/H-x86_64-pc-linux-gnu/bin/../lib/gcc/nios2-elf/5.3.0/../../../../../H-x86_64-pc-linux-gnu/nios2-elf/lib/mhw-mulx/libc.a(lib_a-mprec.o)
                0x000000000001317c                __hi0bits
 .text.__lo0bits
                0x00000000000131e4       0xb0 /opt/intelFPGA/16.1/nios2eds/bin/gnu/H-x86_64-pc-linux-gnu/bin/../lib/gcc/nios2-elf/5.3.0/../../../../../H-x86_64-pc-linux-gnu/nios2-elf/lib/mhw-mulx/libc.a(lib_a-mprec.o)
                0x00000000000131e4                __lo0bits
 .text.__i2b    0x0000000000013294       0x3c /opt/intelFPGA/16.1/nios2eds/bin/gnu/H-x86_64-pc-linux-gnu/bin/../lib/gcc/nios2-elf/5.3.0/../../../../../H-x86_64-pc-linux-gnu/nios2-elf/lib/mhw-mulx/libc.a(lib_a-mprec.o)
                0x0000000000013294                __i2b
 .text.__multiply
                0x00000000000132d0      0x1f8 /opt/intelFPGA/16.1/nios2eds/bin/gnu/H-x86_64-pc-linux-gnu/bin/../lib/gcc/nios2-elf/5.3.0/../../../../../H-x86_64-pc-linux-gnu/nios2-elf/lib/mhw-mulx/libc.a(lib_a-mprec.o)
                0x00000000000132d0                __multiply
 .text.__pow5mult
                0x00000000000134c8      0x140 /opt/intelFPGA/16.1/nios2eds/bin/gnu/H-x86_64-pc-linux-gnu/bin/../lib/gcc/nios2-elf/5.3.0/../../../../../H-x86_64-pc-linux-gnu/nios2-elf/lib/mhw-mulx/libc.a(lib_a-mprec.o)
                0x00000000000134c8                __pow5mult
 .text.__lshift
                0x0000000000013608      0x148 /opt/intelFPGA/16.1/nios2eds/bin/gnu/H-x86_64-pc-linux-gnu/bin/../lib/gcc/nios2-elf/5.3.0/../../../../../H-x86_64-pc-linux-gnu/nios2-elf/lib/mhw-mulx/libc.a(lib_a-mprec.o)
                0x0000000000013608                __lshift
 .text.__mcmp   0x0000000000013750       0x60 /opt/intelFPGA/16.1/nios2eds/bin/gnu/H-x86_64-pc-linux-gnu/bin/../lib/gcc/nios2-elf/5.3.0/../../../../../H-x86_64-pc-linux-gnu/nios2-elf/lib/mhw-mulx/libc.a(lib_a-mprec.o)
                0x0000000000013750                __mcmp
 .text.__mdiff  0x00000000000137b0      0x1fc /opt/intelFPGA/16.1/nios2eds/bin/gnu/H-x86_64-pc-linux-gnu/bin/../lib/gcc/nios2-elf/5.3.0/../../../../../H-x86_64-pc-linux-gnu/nios2-elf/lib/mhw-mulx/libc.a(lib_a-mprec.o)
                0x00000000000137b0                __mdiff
 .text.__ulp    0x00000000000139ac       0x64 /opt/intelFPGA/16.1/nios2eds/bin/gnu/H-x86_64-pc-linux-gnu/bin/../lib/gcc/nios2-elf/5.3.0/../../../../../H-x86_64-pc-linux-gnu/nios2-elf/lib/mhw-mulx/libc.a(lib_a-mprec.o)
                0x00000000000139ac                __ulp
 .text.__b2d    0x0000000000013a10      0x10c /opt/intelFPGA/16.1/nios2eds/bin/gnu/H-x86_64-pc-linux-gnu/bin/../lib/gcc/nios2-elf/5.3.0/../../../../../H-x86_64-pc-linux-gnu/nios2-elf/lib/mhw-mulx/libc.a(lib_a-mprec.o)
                0x0000000000013a10                __b2d
 .text.__d2b    0x0000000000013b1c      0x14c /opt/intelFPGA/16.1/nios2eds/bin/gnu/H-x86_64-pc-linux-gnu/bin/../lib/gcc/nios2-elf/5.3.0/../../../../../H-x86_64-pc-linux-gnu/nios2-elf/lib/mhw-mulx/libc.a(lib_a-mprec.o)
                0x0000000000013b1c                __d2b
 .text.__ratio  0x0000000000013c68       0xa4 /opt/intelFPGA/16.1/nios2eds/bin/gnu/H-x86_64-pc-linux-gnu/bin/../lib/gcc/nios2-elf/5.3.0/../../../../../H-x86_64-pc-linux-gnu/nios2-elf/lib/mhw-mulx/libc.a(lib_a-mprec.o)
                0x0000000000013c68                __ratio
 .text._mprec_log10
                0x0000000000013d0c       0x74 /opt/intelFPGA/16.1/nios2eds/bin/gnu/H-x86_64-pc-linux-gnu/bin/../lib/gcc/nios2-elf/5.3.0/../../../../../H-x86_64-pc-linux-gnu/nios2-elf/lib/mhw-mulx/libc.a(lib_a-mprec.o)
                0x0000000000013d0c                _mprec_log10
 .text.__copybits
                0x0000000000013d80       0x78 /opt/intelFPGA/16.1/nios2eds/bin/gnu/H-x86_64-pc-linux-gnu/bin/../lib/gcc/nios2-elf/5.3.0/../../../../../H-x86_64-pc-linux-gnu/nios2-elf/lib/mhw-mulx/libc.a(lib_a-mprec.o)
                0x0000000000013d80                __copybits
 .text.__any_on
                0x0000000000013df8       0x8c /opt/intelFPGA/16.1/nios2eds/bin/gnu/H-x86_64-pc-linux-gnu/bin/../lib/gcc/nios2-elf/5.3.0/../../../../../H-x86_64-pc-linux-gnu/nios2-elf/lib/mhw-mulx/libc.a(lib_a-mprec.o)
                0x0000000000013df8                __any_on
 .text          0x0000000000013e84        0x0 /opt/intelFPGA/16.1/nios2eds/bin/gnu/H-x86_64-pc-linux-gnu/bin/../lib/gcc/nios2-elf/5.3.0/../../../../../H-x86_64-pc-linux-gnu/nios2-elf/lib/mhw-mulx/libc.a(lib_a-s_fpclassify.o)
 .text.__fpclassifyd
                0x0000000000013e84       0x74 /opt/intelFPGA/16.1/nios2eds/bin/gnu/H-x86_64-pc-linux-gnu/bin/../lib/gcc/nios2-elf/5.3.0/../../../../../H-x86_64-pc-linux-gnu/nios2-elf/lib/mhw-mulx/libc.a(lib_a-s_fpclassify.o)
                0x0000000000013e84                __fpclassifyd
 .text          0x0000000000013ef8        0x0 /opt/intelFPGA/16.1/nios2eds/bin/gnu/H-x86_64-pc-linux-gnu/bin/../lib/gcc/nios2-elf/5.3.0/../../../../../H-x86_64-pc-linux-gnu/nios2-elf/lib/mhw-mulx/libc.a(lib_a-sbrkr.o)
 .text._sbrk_r  0x0000000000013ef8       0x54 /opt/intelFPGA/16.1/nios2eds/bin/gnu/H-x86_64-pc-linux-gnu/bin/../lib/gcc/nios2-elf/5.3.0/../../../../../H-x86_64-pc-linux-gnu/nios2-elf/lib/mhw-mulx/libc.a(lib_a-sbrkr.o)
                0x0000000000013ef8                _sbrk_r
 .text          0x0000000000013f4c        0x0 /opt/intelFPGA/16.1/nios2eds/bin/gnu/H-x86_64-pc-linux-gnu/bin/../lib/gcc/nios2-elf/5.3.0/../../../../../H-x86_64-pc-linux-gnu/nios2-elf/lib/mhw-mulx/libc.a(lib_a-stdio.o)
 .text.__sread  0x0000000000013f4c       0x54 /opt/intelFPGA/16.1/nios2eds/bin/gnu/H-x86_64-pc-linux-gnu/bin/../lib/gcc/nios2-elf/5.3.0/../../../../../H-x86_64-pc-linux-gnu/nios2-elf/lib/mhw-mulx/libc.a(lib_a-stdio.o)
                0x0000000000013f4c                __sread
 .text.__seofread
                0x0000000000013fa0        0x8 /opt/intelFPGA/16.1/nios2eds/bin/gnu/H-x86_64-pc-linux-gnu/bin/../lib/gcc/nios2-elf/5.3.0/../../../../../H-x86_64-pc-linux-gnu/nios2-elf/lib/mhw-mulx/libc.a(lib_a-stdio.o)
                0x0000000000013fa0                __seofread
 .text.__swrite
                0x0000000000013fa8       0x7c /opt/intelFPGA/16.1/nios2eds/bin/gnu/H-x86_64-pc-linux-gnu/bin/../lib/gcc/nios2-elf/5.3.0/../../../../../H-x86_64-pc-linux-gnu/nios2-elf/lib/mhw-mulx/libc.a(lib_a-stdio.o)
                0x0000000000013fa8                __swrite
 .text.__sseek  0x0000000000014024       0x5c /opt/intelFPGA/16.1/nios2eds/bin/gnu/H-x86_64-pc-linux-gnu/bin/../lib/gcc/nios2-elf/5.3.0/../../../../../H-x86_64-pc-linux-gnu/nios2-elf/lib/mhw-mulx/libc.a(lib_a-stdio.o)
                0x0000000000014024                __sseek
 .text.__sclose
                0x0000000000014080        0x8 /opt/intelFPGA/16.1/nios2eds/bin/gnu/H-x86_64-pc-linux-gnu/bin/../lib/gcc/nios2-elf/5.3.0/../../../../../H-x86_64-pc-linux-gnu/nios2-elf/lib/mhw-mulx/libc.a(lib_a-stdio.o)
                0x0000000000014080                __sclose
 .text          0x0000000000014088        0x0 /opt/intelFPGA/16.1/nios2eds/bin/gnu/H-x86_64-pc-linux-gnu/bin/../lib/gcc/nios2-elf/5.3.0/../../../../../H-x86_64-pc-linux-gnu/nios2-elf/lib/mhw-mulx/libc.a(lib_a-strcmp.o)
 .text.strcmp   0x0000000000014088       0xdc /opt/intelFPGA/16.1/nios2eds/bin/gnu/H-x86_64-pc-linux-gnu/bin/../lib/gcc/nios2-elf/5.3.0/../../../../../H-x86_64-pc-linux-gnu/nios2-elf/lib/mhw-mulx/libc.a(lib_a-strcmp.o)
                0x0000000000014088                strcmp
 .text          0x0000000000014164        0x0 /opt/intelFPGA/16.1/nios2eds/bin/gnu/H-x86_64-pc-linux-gnu/bin/../lib/gcc/nios2-elf/5.3.0/../../../../../H-x86_64-pc-linux-gnu/nios2-elf/lib/mhw-mulx/libc.a(lib_a-strlen.o)
 .text.strlen   0x0000000000014164       0x98 /opt/intelFPGA/16.1/nios2eds/bin/gnu/H-x86_64-pc-linux-gnu/bin/../lib/gcc/nios2-elf/5.3.0/../../../../../H-x86_64-pc-linux-gnu/nios2-elf/lib/mhw-mulx/libc.a(lib_a-strlen.o)
                0x0000000000014164                strlen
 .text          0x00000000000141fc        0x0 /opt/intelFPGA/16.1/nios2eds/bin/gnu/H-x86_64-pc-linux-gnu/bin/../lib/gcc/nios2-elf/5.3.0/../../../../../H-x86_64-pc-linux-gnu/nios2-elf/lib/mhw-mulx/libc.a(lib_a-svfiprintf.o)
 .text.__ssprint_r
                0x00000000000141fc      0x1d0 /opt/intelFPGA/16.1/nios2eds/bin/gnu/H-x86_64-pc-linux-gnu/bin/../lib/gcc/nios2-elf/5.3.0/../../../../../H-x86_64-pc-linux-gnu/nios2-elf/lib/mhw-mulx/libc.a(lib_a-svfiprintf.o)
                0x00000000000141fc                __ssprint_r
 .text.___svfiprintf_internal_r
                0x00000000000143cc     0x123c /opt/intelFPGA/16.1/nios2eds/bin/gnu/H-x86_64-pc-linux-gnu/bin/../lib/gcc/nios2-elf/5.3.0/../../../../../H-x86_64-pc-linux-gnu/nios2-elf/lib/mhw-mulx/libc.a(lib_a-svfiprintf.o)
                0x00000000000143cc                ___svfiprintf_internal_r
 .text          0x0000000000015608        0x0 /opt/intelFPGA/16.1/nios2eds/bin/gnu/H-x86_64-pc-linux-gnu/bin/../lib/gcc/nios2-elf/5.3.0/../../../../../H-x86_64-pc-linux-gnu/nios2-elf/lib/mhw-mulx/libc.a(lib_a-vfiprintf.o)
 .text.__sprint_r.part.0
                0x0000000000015608       0xfc /opt/intelFPGA/16.1/nios2eds/bin/gnu/H-x86_64-pc-linux-gnu/bin/../lib/gcc/nios2-elf/5.3.0/../../../../../H-x86_64-pc-linux-gnu/nios2-elf/lib/mhw-mulx/libc.a(lib_a-vfiprintf.o)
 .text.__sprint_r
                0x0000000000015704       0x18 /opt/intelFPGA/16.1/nios2eds/bin/gnu/H-x86_64-pc-linux-gnu/bin/../lib/gcc/nios2-elf/5.3.0/../../../../../H-x86_64-pc-linux-gnu/nios2-elf/lib/mhw-mulx/libc.a(lib_a-vfiprintf.o)
                0x0000000000015704                __sprint_r
 .text.___vfiprintf_internal_r
                0x000000000001571c     0x145c /opt/intelFPGA/16.1/nios2eds/bin/gnu/H-x86_64-pc-linux-gnu/bin/../lib/gcc/nios2-elf/5.3.0/../../../../../H-x86_64-pc-linux-gnu/nios2-elf/lib/mhw-mulx/libc.a(lib_a-vfiprintf.o)
                0x000000000001571c                ___vfiprintf_internal_r
 .text.__vfiprintf_internal
                0x0000000000016b78       0x1c /opt/intelFPGA/16.1/nios2eds/bin/gnu/H-x86_64-pc-linux-gnu/bin/../lib/gcc/nios2-elf/5.3.0/../../../../../H-x86_64-pc-linux-gnu/nios2-elf/lib/mhw-mulx/libc.a(lib_a-vfiprintf.o)
                0x0000000000016b78                __vfiprintf_internal
 .text.__sbprintf
                0x0000000000016b94       0xbc /opt/intelFPGA/16.1/nios2eds/bin/gnu/H-x86_64-pc-linux-gnu/bin/../lib/gcc/nios2-elf/5.3.0/../../../../../H-x86_64-pc-linux-gnu/nios2-elf/lib/mhw-mulx/libc.a(lib_a-vfiprintf.o)
 .text          0x0000000000016c50        0x0 /opt/intelFPGA/16.1/nios2eds/bin/gnu/H-x86_64-pc-linux-gnu/bin/../lib/gcc/nios2-elf/5.3.0/../../../../../H-x86_64-pc-linux-gnu/nios2-elf/lib/mhw-mulx/libc.a(lib_a-writer.o)
 .text._write_r
                0x0000000000016c50       0x60 /opt/intelFPGA/16.1/nios2eds/bin/gnu/H-x86_64-pc-linux-gnu/bin/../lib/gcc/nios2-elf/5.3.0/../../../../../H-x86_64-pc-linux-gnu/nios2-elf/lib/mhw-mulx/libc.a(lib_a-writer.o)
                0x0000000000016c50                _write_r
 .text          0x0000000000016cb0        0x0 /opt/intelFPGA/16.1/nios2eds/bin/gnu/H-x86_64-pc-linux-gnu/bin/../lib/gcc/nios2-elf/5.3.0/../../../../../H-x86_64-pc-linux-gnu/nios2-elf/lib/mhw-mulx/libc.a(closer.o)
 .text._close_r
                0x0000000000016cb0       0x54 /opt/intelFPGA/16.1/nios2eds/bin/gnu/H-x86_64-pc-linux-gnu/bin/../lib/gcc/nios2-elf/5.3.0/../../../../../H-x86_64-pc-linux-gnu/nios2-elf/lib/mhw-mulx/libc.a(closer.o)
                0x0000000000016cb0                _close_r
 .text          0x0000000000016d04        0x0 /opt/intelFPGA/16.1/nios2eds/bin/gnu/H-x86_64-pc-linux-gnu/bin/../lib/gcc/nios2-elf/5.3.0/../../../../../H-x86_64-pc-linux-gnu/nios2-elf/lib/mhw-mulx/libc.a(lib_a-callocr.o)
 .text._calloc_r
                0x0000000000016d04       0xc4 /opt/intelFPGA/16.1/nios2eds/bin/gnu/H-x86_64-pc-linux-gnu/bin/../lib/gcc/nios2-elf/5.3.0/../../../../../H-x86_64-pc-linux-gnu/nios2-elf/lib/mhw-mulx/libc.a(lib_a-callocr.o)
                0x0000000000016d04                _calloc_r
 .text          0x0000000000016dc8        0x0 /opt/intelFPGA/16.1/nios2eds/bin/gnu/H-x86_64-pc-linux-gnu/bin/../lib/gcc/nios2-elf/5.3.0/../../../../../H-x86_64-pc-linux-gnu/nios2-elf/lib/mhw-mulx/libc.a(lib_a-fclose.o)
 .text._fclose_r
                0x0000000000016dc8       0xf0 /opt/intelFPGA/16.1/nios2eds/bin/gnu/H-x86_64-pc-linux-gnu/bin/../lib/gcc/nios2-elf/5.3.0/../../../../../H-x86_64-pc-linux-gnu/nios2-elf/lib/mhw-mulx/libc.a(lib_a-fclose.o)
                0x0000000000016dc8                _fclose_r
 .text.fclose   0x0000000000016eb8       0x14 /opt/intelFPGA/16.1/nios2eds/bin/gnu/H-x86_64-pc-linux-gnu/bin/../lib/gcc/nios2-elf/5.3.0/../../../../../H-x86_64-pc-linux-gnu/nios2-elf/lib/mhw-mulx/libc.a(lib_a-fclose.o)
                0x0000000000016eb8                fclose
 .text          0x0000000000016ecc        0x0 /opt/intelFPGA/16.1/nios2eds/bin/gnu/H-x86_64-pc-linux-gnu/bin/../lib/gcc/nios2-elf/5.3.0/../../../../../H-x86_64-pc-linux-gnu/nios2-elf/lib/mhw-mulx/libc.a(lib_a-fputwc.o)
 .text.__fputwc
                0x0000000000016ecc      0x164 /opt/intelFPGA/16.1/nios2eds/bin/gnu/H-x86_64-pc-linux-gnu/bin/../lib/gcc/nios2-elf/5.3.0/../../../../../H-x86_64-pc-linux-gnu/nios2-elf/lib/mhw-mulx/libc.a(lib_a-fputwc.o)
                0x0000000000016ecc                __fputwc
 .text._fputwc_r
                0x0000000000017030       0x24 /opt/intelFPGA/16.1/nios2eds/bin/gnu/H-x86_64-pc-linux-gnu/bin/../lib/gcc/nios2-elf/5.3.0/../../../../../H-x86_64-pc-linux-gnu/nios2-elf/lib/mhw-mulx/libc.a(lib_a-fputwc.o)
                0x0000000000017030                _fputwc_r
 .text.fputwc   0x0000000000017054       0x80 /opt/intelFPGA/16.1/nios2eds/bin/gnu/H-x86_64-pc-linux-gnu/bin/../lib/gcc/nios2-elf/5.3.0/../../../../../H-x86_64-pc-linux-gnu/nios2-elf/lib/mhw-mulx/libc.a(lib_a-fputwc.o)
                0x0000000000017054                fputwc
 .text          0x00000000000170d4        0x0 /opt/intelFPGA/16.1/nios2eds/bin/gnu/H-x86_64-pc-linux-gnu/bin/../lib/gcc/nios2-elf/5.3.0/../../../../../H-x86_64-pc-linux-gnu/nios2-elf/lib/mhw-mulx/libc.a(lib_a-fstatr.o)
 .text._fstat_r
                0x00000000000170d4       0x5c /opt/intelFPGA/16.1/nios2eds/bin/gnu/H-x86_64-pc-linux-gnu/bin/../lib/gcc/nios2-elf/5.3.0/../../../../../H-x86_64-pc-linux-gnu/nios2-elf/lib/mhw-mulx/libc.a(lib_a-fstatr.o)
                0x00000000000170d4                _fstat_r
 .text          0x0000000000017130        0x0 /opt/intelFPGA/16.1/nios2eds/bin/gnu/H-x86_64-pc-linux-gnu/bin/../lib/gcc/nios2-elf/5.3.0/../../../../../H-x86_64-pc-linux-gnu/nios2-elf/lib/mhw-mulx/libc.a(lib_a-fvwrite.o)
 .text.__sfvwrite_r
                0x0000000000017130      0x4bc /opt/intelFPGA/16.1/nios2eds/bin/gnu/H-x86_64-pc-linux-gnu/bin/../lib/gcc/nios2-elf/5.3.0/../../../../../H-x86_64-pc-linux-gnu/nios2-elf/lib/mhw-mulx/libc.a(lib_a-fvwrite.o)
                0x0000000000017130                __sfvwrite_r
 .text          0x00000000000175ec        0x0 /opt/intelFPGA/16.1/nios2eds/bin/gnu/H-x86_64-pc-linux-gnu/bin/../lib/gcc/nios2-elf/5.3.0/../../../../../H-x86_64-pc-linux-gnu/nios2-elf/lib/mhw-mulx/libc.a(lib_a-int_errno.o)
 .text          0x00000000000175ec        0x0 /opt/intelFPGA/16.1/nios2eds/bin/gnu/H-x86_64-pc-linux-gnu/bin/../lib/gcc/nios2-elf/5.3.0/../../../../../H-x86_64-pc-linux-gnu/nios2-elf/lib/mhw-mulx/libc.a(lib_a-isattyr.o)
 .text._isatty_r
                0x00000000000175ec       0x54 /opt/intelFPGA/16.1/nios2eds/bin/gnu/H-x86_64-pc-linux-gnu/bin/../lib/gcc/nios2-elf/5.3.0/../../../../../H-x86_64-pc-linux-gnu/nios2-elf/lib/mhw-mulx/libc.a(lib_a-isattyr.o)
                0x00000000000175ec                _isatty_r
 .text          0x0000000000017640        0x0 /opt/intelFPGA/16.1/nios2eds/bin/gnu/H-x86_64-pc-linux-gnu/bin/../lib/gcc/nios2-elf/5.3.0/../../../../../H-x86_64-pc-linux-gnu/nios2-elf/lib/mhw-mulx/libc.a(lib_a-lseekr.o)
 .text._lseek_r
                0x0000000000017640       0x60 /opt/intelFPGA/16.1/nios2eds/bin/gnu/H-x86_64-pc-linux-gnu/bin/../lib/gcc/nios2-elf/5.3.0/../../../../../H-x86_64-pc-linux-gnu/nios2-elf/lib/mhw-mulx/libc.a(lib_a-lseekr.o)
                0x0000000000017640                _lseek_r
 .text          0x00000000000176a0        0x0 /opt/intelFPGA/16.1/nios2eds/bin/gnu/H-x86_64-pc-linux-gnu/bin/../lib/gcc/nios2-elf/5.3.0/../../../../../H-x86_64-pc-linux-gnu/nios2-elf/lib/mhw-mulx/libc.a(lib_a-memmove.o)
 .text.memmove  0x00000000000176a0      0x15c /opt/intelFPGA/16.1/nios2eds/bin/gnu/H-x86_64-pc-linux-gnu/bin/../lib/gcc/nios2-elf/5.3.0/../../../../../H-x86_64-pc-linux-gnu/nios2-elf/lib/mhw-mulx/libc.a(lib_a-memmove.o)
                0x00000000000176a0                memmove
 .text          0x00000000000177fc        0x0 /opt/intelFPGA/16.1/nios2eds/bin/gnu/H-x86_64-pc-linux-gnu/bin/../lib/gcc/nios2-elf/5.3.0/../../../../../H-x86_64-pc-linux-gnu/nios2-elf/lib/mhw-mulx/libc.a(lib_a-readr.o)
 .text._read_r  0x00000000000177fc       0x60 /opt/intelFPGA/16.1/nios2eds/bin/gnu/H-x86_64-pc-linux-gnu/bin/../lib/gcc/nios2-elf/5.3.0/../../../../../H-x86_64-pc-linux-gnu/nios2-elf/lib/mhw-mulx/libc.a(lib_a-readr.o)
                0x00000000000177fc                _read_r
 .text          0x000000000001785c        0x0 /opt/intelFPGA/16.1/nios2eds/bin/gnu/H-x86_64-pc-linux-gnu/bin/../lib/gcc/nios2-elf/5.3.0/../../../../../H-x86_64-pc-linux-gnu/nios2-elf/lib/mhw-mulx/libc.a(lib_a-reallocr.o)
 .text._realloc_r
                0x000000000001785c      0x564 /opt/intelFPGA/16.1/nios2eds/bin/gnu/H-x86_64-pc-linux-gnu/bin/../lib/gcc/nios2-elf/5.3.0/../../../../../H-x86_64-pc-linux-gnu/nios2-elf/lib/mhw-mulx/libc.a(lib_a-reallocr.o)
                0x000000000001785c                _realloc_r
 .text          0x0000000000017dc0        0x0 /opt/intelFPGA/16.1/nios2eds/bin/gnu/H-x86_64-pc-linux-gnu/bin/../lib/gcc/nios2-elf/5.3.0/../../../../../H-x86_64-pc-linux-gnu/nios2-elf/lib/mhw-mulx/libc.a(lib_a-wbuf.o)
 .text.__swbuf_r
                0x0000000000017dc0      0x140 /opt/intelFPGA/16.1/nios2eds/bin/gnu/H-x86_64-pc-linux-gnu/bin/../lib/gcc/nios2-elf/5.3.0/../../../../../H-x86_64-pc-linux-gnu/nios2-elf/lib/mhw-mulx/libc.a(lib_a-wbuf.o)
                0x0000000000017dc0                __swbuf_r
 .text.__swbuf  0x0000000000017f00       0x18 /opt/intelFPGA/16.1/nios2eds/bin/gnu/H-x86_64-pc-linux-gnu/bin/../lib/gcc/nios2-elf/5.3.0/../../../../../H-x86_64-pc-linux-gnu/nios2-elf/lib/mhw-mulx/libc.a(lib_a-wbuf.o)
                0x0000000000017f00                __swbuf
 .text          0x0000000000017f18        0x0 /opt/intelFPGA/16.1/nios2eds/bin/gnu/H-x86_64-pc-linux-gnu/bin/../lib/gcc/nios2-elf/5.3.0/../../../../../H-x86_64-pc-linux-gnu/nios2-elf/lib/mhw-mulx/libc.a(lib_a-wcrtomb.o)
 .text._wcrtomb_r
                0x0000000000017f18       0x9c /opt/intelFPGA/16.1/nios2eds/bin/gnu/H-x86_64-pc-linux-gnu/bin/../lib/gcc/nios2-elf/5.3.0/../../../../../H-x86_64-pc-linux-gnu/nios2-elf/lib/mhw-mulx/libc.a(lib_a-wcrtomb.o)
                0x0000000000017f18                _wcrtomb_r
 .text.wcrtomb  0x0000000000017fb4       0xc0 /opt/intelFPGA/16.1/nios2eds/bin/gnu/H-x86_64-pc-linux-gnu/bin/../lib/gcc/nios2-elf/5.3.0/../../../../../H-x86_64-pc-linux-gnu/nios2-elf/lib/mhw-mulx/libc.a(lib_a-wcrtomb.o)
                0x0000000000017fb4                wcrtomb
 .text          0x0000000000018074        0x0 /opt/intelFPGA/16.1/nios2eds/bin/gnu/H-x86_64-pc-linux-gnu/bin/../lib/gcc/nios2-elf/5.3.0/../../../../../H-x86_64-pc-linux-gnu/nios2-elf/lib/mhw-mulx/libc.a(lib_a-wctomb_r.o)
 .text.__ascii_wctomb
                0x0000000000018074       0x30 /opt/intelFPGA/16.1/nios2eds/bin/gnu/H-x86_64-pc-linux-gnu/bin/../lib/gcc/nios2-elf/5.3.0/../../../../../H-x86_64-pc-linux-gnu/nios2-elf/lib/mhw-mulx/libc.a(lib_a-wctomb_r.o)
                0x0000000000018074                __ascii_wctomb
 .text._wctomb_r
                0x00000000000180a4       0x5c /opt/intelFPGA/16.1/nios2eds/bin/gnu/H-x86_64-pc-linux-gnu/bin/../lib/gcc/nios2-elf/5.3.0/../../../../../H-x86_64-pc-linux-gnu/nios2-elf/lib/mhw-mulx/libc.a(lib_a-wctomb_r.o)
                0x00000000000180a4                _wctomb_r
 .text          0x0000000000018100      0x578 /opt/intelFPGA/16.1/nios2eds/bin/gnu/H-x86_64-pc-linux-gnu/bin/../lib/gcc/nios2-elf/5.3.0/mhw-mulx/libgcc.a(_udivdi3.o)
                0x0000000000018100                __udivdi3
 .text          0x0000000000018678      0x538 /opt/intelFPGA/16.1/nios2eds/bin/gnu/H-x86_64-pc-linux-gnu/bin/../lib/gcc/nios2-elf/5.3.0/mhw-mulx/libgcc.a(_umoddi3.o)
                0x0000000000018678                __umoddi3
 .text          0x0000000000018bb0      0x1b4 /opt/intelFPGA/16.1/nios2eds/bin/gnu/H-x86_64-pc-linux-gnu/bin/../lib/gcc/nios2-elf/5.3.0/mhw-mulx/libgcc.a(lib2-divmod.o)
                0x0000000000018bb0                __divsi3
                0x0000000000018c34                __modsi3
                0x0000000000018ca8                __udivsi3
                0x0000000000018d0c                __umodsi3
 .text          0x0000000000018d64      0x8ac /opt/intelFPGA/16.1/nios2eds/bin/gnu/H-x86_64-pc-linux-gnu/bin/../lib/gcc/nios2-elf/5.3.0/mhw-mulx/libgcc.a(adddf3.o)
                0x0000000000018d64                __adddf3
 .text          0x0000000000019610      0x8e8 /opt/intelFPGA/16.1/nios2eds/bin/gnu/H-x86_64-pc-linux-gnu/bin/../lib/gcc/nios2-elf/5.3.0/mhw-mulx/libgcc.a(divdf3.o)
                0x0000000000019610                __divdf3
 .text          0x0000000000019ef8       0x88 /opt/intelFPGA/16.1/nios2eds/bin/gnu/H-x86_64-pc-linux-gnu/bin/../lib/gcc/nios2-elf/5.3.0/mhw-mulx/libgcc.a(eqdf2.o)
                0x0000000000019ef8                __eqdf2
                0x0000000000019ef8                __nedf2
 .text          0x0000000000019f80       0xf4 /opt/intelFPGA/16.1/nios2eds/bin/gnu/H-x86_64-pc-linux-gnu/bin/../lib/gcc/nios2-elf/5.3.0/mhw-mulx/libgcc.a(ledf2.o)
                0x0000000000019f80                __ltdf2
                0x0000000000019f80                __ledf2
 .text          0x000000000001a074      0x718 /opt/intelFPGA/16.1/nios2eds/bin/gnu/H-x86_64-pc-linux-gnu/bin/../lib/gcc/nios2-elf/5.3.0/mhw-mulx/libgcc.a(muldf3.o)
                0x000000000001a074                __muldf3
 .text          0x000000000001a78c      0x8fc /opt/intelFPGA/16.1/nios2eds/bin/gnu/H-x86_64-pc-linux-gnu/bin/../lib/gcc/nios2-elf/5.3.0/mhw-mulx/libgcc.a(subdf3.o)
                0x000000000001a78c                __subdf3
 .text          0x000000000001b088       0x80 /opt/intelFPGA/16.1/nios2eds/bin/gnu/H-x86_64-pc-linux-gnu/bin/../lib/gcc/nios2-elf/5.3.0/mhw-mulx/libgcc.a(fixdfsi.o)
                0x000000000001b088                __fixdfsi
 .text          0x000000000001b108       0xdc /opt/intelFPGA/16.1/nios2eds/bin/gnu/H-x86_64-pc-linux-gnu/bin/../lib/gcc/nios2-elf/5.3.0/mhw-mulx/libgcc.a(floatsidf.o)
                0x000000000001b108                __floatsidf
 .text          0x000000000001b1e4       0xa8 /opt/intelFPGA/16.1/nios2eds/bin/gnu/H-x86_64-pc-linux-gnu/bin/../lib/gcc/nios2-elf/5.3.0/mhw-mulx/libgcc.a(floatunsidf.o)
                0x000000000001b1e4                __floatunsidf
 .text          0x000000000001b28c      0x10c ../ucosii_bsp//libucosii_bsp.a(alt_close.o)
                0x000000000001b2c8                close
 .text          0x000000000001b398       0x2c ../ucosii_bsp//libucosii_bsp.a(alt_dev.o)
 .text          0x000000000001b3c4        0x0 ../ucosii_bsp//libucosii_bsp.a(alt_errno.o)
 .text          0x000000000001b3c4       0xec ../ucosii_bsp//libucosii_bsp.a(alt_fstat.o)
                0x000000000001b400                fstat
 .text          0x000000000001b4b0       0xe0 ../ucosii_bsp//libucosii_bsp.a(alt_isatty.o)
                0x000000000001b4ec                isatty
 .text          0x000000000001b590       0xec ../ucosii_bsp//libucosii_bsp.a(alt_load.o)
                0x000000000001b5f8                alt_load
 .text          0x000000000001b67c      0x110 ../ucosii_bsp//libucosii_bsp.a(alt_lseek.o)
                0x000000000001b6b8                lseek
 .text          0x000000000001b78c       0xbc ../ucosii_bsp//libucosii_bsp.a(alt_main.o)
                0x000000000001b78c                alt_main
 .text          0x000000000001b848      0x138 ../ucosii_bsp//libucosii_bsp.a(alt_read.o)
                0x000000000001b884                read
 .text          0x000000000001b980       0x64 ../ucosii_bsp//libucosii_bsp.a(alt_release_fd.o)
                0x000000000001b980                alt_release_fd
 .text          0x000000000001b9e4       0xb0 ../ucosii_bsp//libucosii_bsp.a(alt_sbrk.o)
                0x000000000001b9e4                sbrk
 .text          0x000000000001ba94      0x134 ../ucosii_bsp//libucosii_bsp.a(alt_write.o)
                0x000000000001bad0                write
 .text          0x000000000001bbc8      0x124 ../ucosii_bsp//libucosii_bsp.a(alt_env_lock.o)
                0x000000000001bbc8                __env_lock
                0x000000000001bc8c                __env_unlock
 .text          0x000000000001bcec      0x1ec ../ucosii_bsp//libucosii_bsp.a(alt_malloc_lock.o)
                0x000000000001bcec                __malloc_lock
                0x000000000001be0c                __malloc_unlock
 .text          0x000000000001bed8     0x2024 ../ucosii_bsp//libucosii_bsp.a(os_core.o)
                0x000000000001bed8                OSEventNameGet
                0x000000000001bff8                OSEventNameSet
                0x000000000001c138                OSEventPendMulti
                0x000000000001c748                OSInit
                0x000000000001c7a0                OSIntEnter
                0x000000000001c7ec                OSIntExit
                0x000000000001c8e4                OSSchedLock
                0x000000000001c970                OSSchedUnlock
                0x000000000001ca4c                OSStart
                0x000000000001cabc                OSStatInit
                0x000000000001cb6c                OSTimeTick
                0x000000000001cd8c                OSVersion
                0x000000000001cdac                OS_Dummy
                0x000000000001cdcc                OS_EventTaskRdy
                0x000000000001cf64                OS_EventTaskWait
                0x000000000001d074                OS_EventTaskWaitMulti
                0x000000000001d1c4                OS_EventTaskRemove
                0x000000000001d27c                OS_EventTaskRemoveMulti
                0x000000000001d37c                OS_EventWaitListInit
                0x000000000001d75c                OS_MemClr
                0x000000000001d7b0                OS_MemCopy
                0x000000000001d818                OS_Sched
                0x000000000001d95c                OS_StrCopy
                0x000000000001d9d0                OS_StrLen
                0x000000000001da24                OS_TaskIdle
                0x000000000001da80                OS_TaskStat
                0x000000000001db5c                OS_TaskStatStkChk
                0x000000000001dc28                OS_TCBInit
 .text          0x000000000001defc      0x190 ../ucosii_bsp//libucosii_bsp.a(os_dbg.o)
                0x000000000001defc                OSDebugInit
 .text          0x000000000001e08c     0x1714 ../ucosii_bsp//libucosii_bsp.a(os_flag.o)
                0x000000000001e08c                OSFlagAccept
                0x000000000001e394                OSFlagCreate
                0x000000000001e49c                OSFlagDel
                0x000000000001e6e4                OSFlagNameGet
                0x000000000001e80c                OSFlagNameSet
                0x000000000001e958                OSFlagPend
                0x000000000001ef10                OSFlagPendGetFlagsRdy
                0x000000000001ef70                OSFlagPost
                0x000000000001f304                OSFlagQuery
                0x000000000001f528                OS_FlagInit
                0x000000000001f6fc                OS_FlagUnlink
 .text          0x000000000001f7a0      0xac8 ../ucosii_bsp//libucosii_bsp.a(os_mbox.o)
                0x000000000001f7a0                OSMboxAccept
                0x000000000001f838                OSMboxCreate
                0x000000000001f90c                OSMboxDel
                0x000000000001fb4c                OSMboxPend
                0x000000000001fd80                OSMboxPendAbort
                0x000000000001feec                OSMboxPost
                0x000000000001fffc                OSMboxPostOpt
                0x0000000000020158                OSMboxQuery
 .text          0x0000000000020268      0x754 ../ucosii_bsp//libucosii_bsp.a(os_mem.o)
                0x0000000000020268                OSMemCreate
                0x000000000002043c                OSMemGet
                0x000000000002052c                OSMemNameGet
                0x000000000002061c                OSMemNameSet
                0x0000000000020730                OSMemPut
                0x0000000000020808                OSMemQuery
                0x00000000000208f0                OS_MemInit
 .text          0x00000000000209bc     0x1104 ../ucosii_bsp//libucosii_bsp.a(os_q.o)
                0x00000000000209bc                OSQAccept
                0x0000000000020afc                OSQCreate
                0x0000000000020ca8                OSQDel
                0x0000000000020f28                OSQFlush
                0x0000000000020fe0                OSQPend
                0x000000000002126c                OSQPendAbort
                0x00000000000213d8                OSQPost
                0x0000000000021540                OSQPostFront
                0x00000000000216b0                OSQPostOpt
                0x00000000000218bc                OSQQuery
                0x0000000000021a18                OS_QInit
 .text          0x0000000000021ac0      0xa60 ../ucosii_bsp//libucosii_bsp.a(os_sem.o)
                0x0000000000021ac0                OSSemAccept
                0x0000000000021b70                OSSemCreate
                0x0000000000021c48                OSSemDel
                0x0000000000021e88                OSSemPend
                0x0000000000022094                OSSemPendAbort
                0x0000000000022200                OSSemPost
                0x0000000000022310                OSSemQuery
                0x0000000000022420                OSSemSet
 .text          0x0000000000022520     0x176c ../ucosii_bsp//libucosii_bsp.a(os_task.o)
                0x0000000000022520                OSTaskChangePrio
                0x0000000000022a10                OSTaskCreate
                0x0000000000022bbc                OSTaskCreateExt
                0x0000000000022da0                OSTaskDel
                0x00000000000230e4                OSTaskDelReq
                0x0000000000023234                OSTaskNameGet
                0x00000000000233cc                OSTaskNameSet
                0x0000000000023580                OSTaskResume
                0x0000000000023754                OSTaskStkChk
                0x0000000000023914                OSTaskSuspend
                0x0000000000023af8                OSTaskQuery
                0x0000000000023c1c                OS_TaskStkClr
 .text          0x0000000000023c8c      0x4f4 ../ucosii_bsp//libucosii_bsp.a(os_time.o)
                0x0000000000023c8c                OSTimeDly
                0x0000000000023d90                OSTimeDlyHMSM
                0x0000000000023ef0                OSTimeDlyResume
                0x00000000000240c4                OSTimeGet
                0x0000000000024120                OSTimeSet
 .text          0x0000000000024180      0x19c ../ucosii_bsp//libucosii_bsp.a(alt_sys_init.o)
                0x00000000000241b4                alt_irq_init
                0x00000000000241ec                alt_sys_init
 .text          0x000000000002431c      0x164 ../ucosii_bsp//libucosii_bsp.a(altera_avalon_jtag_uart_fd.o)
                0x000000000002431c                altera_avalon_jtag_uart_read_fd
                0x000000000002437c                altera_avalon_jtag_uart_write_fd
                0x00000000000243dc                altera_avalon_jtag_uart_close_fd
                0x000000000002442c                altera_avalon_jtag_uart_ioctl_fd
 .text          0x0000000000024480      0x550 ../ucosii_bsp//libucosii_bsp.a(altera_avalon_jtag_uart_init.o)
                0x0000000000024480                altera_avalon_jtag_uart_init
                0x0000000000024968                altera_avalon_jtag_uart_close
 .text          0x00000000000249d0       0xf0 ../ucosii_bsp//libucosii_bsp.a(altera_avalon_jtag_uart_ioctl.o)
                0x00000000000249d0                altera_avalon_jtag_uart_ioctl
 .text          0x0000000000024ac0      0x2bc ../ucosii_bsp//libucosii_bsp.a(altera_avalon_jtag_uart_read.o)
                0x0000000000024ac0                altera_avalon_jtag_uart_read
 .text          0x0000000000024d7c      0x2c4 ../ucosii_bsp//libucosii_bsp.a(altera_avalon_jtag_uart_write.o)
                0x0000000000024d7c                altera_avalon_jtag_uart_write
 .text          0x0000000000025040       0xf0 ../ucosii_bsp//libucosii_bsp.a(altera_avalon_timer_sc.o)
                0x00000000000250bc                alt_avalon_timer_sc_init
 .text          0x0000000000025130      0x4f4 ../ucosii_bsp//libucosii_bsp.a(altera_up_avalon_character_lcd.o)
                0x0000000000025130                get_DDRAM_addr
                0x00000000000251a4                alt_up_character_lcd_send_cmd
                0x00000000000251e4                alt_up_character_lcd_init
                0x000000000002521c                alt_up_character_lcd_open_dev
                0x0000000000025258                alt_up_character_lcd_write
                0x00000000000252d4                alt_up_character_lcd_string
                0x000000000002534c                alt_up_character_lcd_write_fd
                0x000000000002539c                alt_up_character_lcd_set_cursor_pos
                0x0000000000025410                alt_up_character_lcd_shift_cursor
                0x000000000002549c                alt_up_character_lcd_shift_display
                0x0000000000025528                alt_up_character_lcd_erase_pos
                0x00000000000255b4                alt_up_character_lcd_cursor_off
                0x00000000000255ec                alt_up_character_lcd_cursor_blink_on
 .text          0x0000000000025624      0x6b0 ../ucosii_bsp//libucosii_bsp.a(altera_up_avalon_ps2.o)
                0x0000000000025624                read_RI_bit
                0x0000000000025658                read_RE_bit
                0x0000000000025688                read_CE_bit
                0x00000000000256bc                read_num_bytes_available
                0x00000000000256ec                read_data_valid
                0x0000000000025720                read_data_byte
                0x000000000002574c                alt_up_ps2_init
                0x0000000000025814                alt_up_ps2_enable_read_interrupt
                0x0000000000025870                alt_up_ps2_disable_read_interrupt
                0x00000000000258d0                alt_up_ps2_write_data_byte
                0x0000000000025944                alt_up_ps2_wait_for_ack
                0x00000000000259ac                alt_up_ps2_write_data_byte_with_ack
                0x0000000000025a10                alt_up_ps2_read_data_byte_timeout
                0x0000000000025aac                alt_up_ps2_read_data_byte
                0x0000000000025b1c                alt_up_ps2_clear_fifo
                0x0000000000025b74                alt_up_ps2_read_fd
                0x0000000000025c00                alt_up_ps2_write_fd
                0x0000000000025c98                alt_up_ps2_open_dev
 .text          0x0000000000025cd4      0x390 ../ucosii_bsp//libucosii_bsp.a(altera_up_avalon_rs232.o)
                0x0000000000025cd4                alt_up_rs232_enable_read_interrupt
                0x0000000000025d30                alt_up_rs232_disable_read_interrupt
                0x0000000000025d90                alt_up_rs232_get_used_space_in_read_FIFO
                0x0000000000025dd0                alt_up_rs232_get_available_space_in_write_FIFO
                0x0000000000025e0c                alt_up_rs232_check_parity
                0x0000000000025e50                alt_up_rs232_write_data
                0x0000000000025e90                alt_up_rs232_read_data
                0x0000000000025f04                alt_up_rs232_read_fd
                0x0000000000025f94                alt_up_rs232_write_fd
                0x0000000000026028                alt_up_rs232_open_dev
 .text          0x0000000000026064      0x12c ../ucosii_bsp//libucosii_bsp.a(alt_alarm_start.o)
                0x0000000000026064                alt_alarm_start
 .text          0x0000000000026190       0x20 ../ucosii_bsp//libucosii_bsp.a(alt_dcache_flush_all.o)
                0x0000000000026190                alt_dcache_flush_all
 .text          0x00000000000261b0       0xe0 ../ucosii_bsp//libucosii_bsp.a(alt_dev_llist_insert.o)
                0x00000000000261ec                alt_dev_llist_insert
 .text          0x0000000000026290       0x60 ../ucosii_bsp//libucosii_bsp.a(alt_do_ctors.o)
                0x0000000000026290                _do_ctors
 .text          0x00000000000262f0       0x60 ../ucosii_bsp//libucosii_bsp.a(alt_do_dtors.o)
                0x00000000000262f0                _do_dtors
 .text          0x0000000000026350       0x90 ../ucosii_bsp//libucosii_bsp.a(alt_find_dev.o)
                0x0000000000026350                alt_find_dev
 .text          0x00000000000263e0       0x34 ../ucosii_bsp//libucosii_bsp.a(alt_icache_flush_all.o)
                0x00000000000263e0                alt_icache_flush_all
 .text          0x0000000000026414      0x140 ../ucosii_bsp//libucosii_bsp.a(alt_io_redirect.o)
                0x00000000000264d8                alt_io_redirect
 .text          0x0000000000026554      0x180 ../ucosii_bsp//libucosii_bsp.a(alt_irq_register.o)
                0x0000000000026554                alt_irq_register
 .text          0x00000000000266d4        0x0 ../ucosii_bsp//libucosii_bsp.a(alt_irq_vars.o)
 .text          0x00000000000266d4      0x254 ../ucosii_bsp//libucosii_bsp.a(alt_open.o)
                0x00000000000267d4                open
 .text          0x0000000000026928      0x1a4 ../ucosii_bsp//libucosii_bsp.a(alt_tick.o)
                0x0000000000026928                alt_alarm_stop
                0x00000000000269c4                alt_tick
 .text          0x0000000000026acc       0x24 ../ucosii_bsp//libucosii_bsp.a(altera_nios2_gen2_irq.o)
                0x0000000000026acc                altera_nios2_gen2_irq_init
 .text          0x0000000000026af0       0xd0 ../ucosii_bsp//libucosii_bsp.a(os_cpu_a.o)
                0x0000000000026af0                OSCtxSw
                0x0000000000026af0                OSIntCtxSw
                0x0000000000026b7c                OSStartHighRdy
                0x0000000000026b9c                OSStartTsk
 .text          0x0000000000026bc0      0x288 ../ucosii_bsp//libucosii_bsp.a(os_cpu_c.o)
                0x0000000000026bc0                OSTaskStkInit
                0x0000000000026d1c                OSTaskCreateHook
                0x0000000000026d40                OSTaskDelHook
                0x0000000000026d64                OSTaskSwHook
                0x0000000000026d84                OSTaskStatHook
                0x0000000000026da4                OSTimeTickHook
                0x0000000000026dc4                OSInitHookBegin
                0x0000000000026de4                OSInitHookEnd
                0x0000000000026e04                OSTaskIdleHook
                0x0000000000026e24                OSTCBInitHook
 .text          0x0000000000026e48      0x108 ../ucosii_bsp//libucosii_bsp.a(alt_find_file.o)
                0x0000000000026e48                alt_find_file
 .text          0x0000000000026f50       0xdc ../ucosii_bsp//libucosii_bsp.a(alt_get_fd.o)
                0x0000000000026f50                alt_get_fd
 .text          0x000000000002702c       0x90 ../ucosii_bsp//libucosii_bsp.a(alt_icache_flush.o)
                0x000000000002702c                alt_icache_flush
 .text          0x00000000000270bc        0x0 ../ucosii_bsp//libucosii_bsp.a(alt_irq_entry.o)
 .text          0x00000000000270bc        0x0 ../ucosii_bsp//libucosii_bsp.a(alt_irq_handler.o)
 .text          0x00000000000270bc        0x0 ../ucosii_bsp//libucosii_bsp.a(alt_exception_entry.o)
 .text          0x00000000000270bc       0x9c ../ucosii_bsp//libucosii_bsp.a(alt_instruction_exception_entry.o)
                0x00000000000270bc                alt_exception_cause_generated_bad_addr
 .text          0x0000000000027158        0x0 /opt/intelFPGA/16.1/nios2eds/bin/gnu/H-x86_64-pc-linux-gnu/bin/../lib/gcc/nios2-elf/5.3.0/../../../../../H-x86_64-pc-linux-gnu/nios2-elf/lib/mhw-mulx/libc.a(lib_a-atexit.o)
 .text.atexit   0x0000000000027158       0x14 /opt/intelFPGA/16.1/nios2eds/bin/gnu/H-x86_64-pc-linux-gnu/bin/../lib/gcc/nios2-elf/5.3.0/../../../../../H-x86_64-pc-linux-gnu/nios2-elf/lib/mhw-mulx/libc.a(lib_a-atexit.o)
                0x0000000000027158                atexit
 .text          0x000000000002716c        0x0 /opt/intelFPGA/16.1/nios2eds/bin/gnu/H-x86_64-pc-linux-gnu/bin/../lib/gcc/nios2-elf/5.3.0/../../../../../H-x86_64-pc-linux-gnu/nios2-elf/lib/mhw-mulx/libc.a(lib_a-exit.o)
 .text.exit     0x000000000002716c       0x38 /opt/intelFPGA/16.1/nios2eds/bin/gnu/H-x86_64-pc-linux-gnu/bin/../lib/gcc/nios2-elf/5.3.0/../../../../../H-x86_64-pc-linux-gnu/nios2-elf/lib/mhw-mulx/libc.a(lib_a-exit.o)
                0x000000000002716c                exit
 .text          0x00000000000271a4        0x0 /opt/intelFPGA/16.1/nios2eds/bin/gnu/H-x86_64-pc-linux-gnu/bin/../lib/gcc/nios2-elf/5.3.0/../../../../../H-x86_64-pc-linux-gnu/nios2-elf/lib/mhw-mulx/libc.a(lib_a-memcmp.o)
 .text.memcmp   0x00000000000271a4       0x7c /opt/intelFPGA/16.1/nios2eds/bin/gnu/H-x86_64-pc-linux-gnu/bin/../lib/gcc/nios2-elf/5.3.0/../../../../../H-x86_64-pc-linux-gnu/nios2-elf/lib/mhw-mulx/libc.a(lib_a-memcmp.o)
                0x00000000000271a4                memcmp
 .text          0x0000000000027220        0x0 /opt/intelFPGA/16.1/nios2eds/bin/gnu/H-x86_64-pc-linux-gnu/bin/../lib/gcc/nios2-elf/5.3.0/../../../../../H-x86_64-pc-linux-gnu/nios2-elf/lib/mhw-mulx/libc.a(lib_a-__atexit.o)
 .text.__register_exitproc
                0x0000000000027220      0x118 /opt/intelFPGA/16.1/nios2eds/bin/gnu/H-x86_64-pc-linux-gnu/bin/../lib/gcc/nios2-elf/5.3.0/../../../../../H-x86_64-pc-linux-gnu/nios2-elf/lib/mhw-mulx/libc.a(lib_a-__atexit.o)
                0x0000000000027220                __register_exitproc
 .text          0x0000000000027338        0x0 /opt/intelFPGA/16.1/nios2eds/bin/gnu/H-x86_64-pc-linux-gnu/bin/../lib/gcc/nios2-elf/5.3.0/../../../../../H-x86_64-pc-linux-gnu/nios2-elf/lib/mhw-mulx/libc.a(lib_a-__call_atexit.o)
 .text.__call_exitprocs
                0x0000000000027338      0x180 /opt/intelFPGA/16.1/nios2eds/bin/gnu/H-x86_64-pc-linux-gnu/bin/../lib/gcc/nios2-elf/5.3.0/../../../../../H-x86_64-pc-linux-gnu/nios2-elf/lib/mhw-mulx/libc.a(lib_a-__call_atexit.o)
                0x0000000000027338                __call_exitprocs
 .text          0x00000000000274b8       0x34 ../ucosii_bsp//libucosii_bsp.a(alt_exit.o)
                0x00000000000274b8                _exit
 *(.gnu.warning.*)
 *(.fini)
                [!provide]                        PROVIDE (__etext, ABSOLUTE (.))
                [!provide]                        PROVIDE (_etext, ABSOLUTE (.))
                [!provide]                        PROVIDE (etext, ABSOLUTE (.))
 *(.eh_frame_hdr)
                0x00000000000274ec                . = ALIGN (0x4)
                [!provide]                        PROVIDE (__preinit_array_start, ABSOLUTE (.))
 *(.preinit_array)
                [!provide]                        PROVIDE (__preinit_array_end, ABSOLUTE (.))
                [!provide]                        PROVIDE (__init_array_start, ABSOLUTE (.))
 *(.init_array)
                [!provide]                        PROVIDE (__init_array_end, ABSOLUTE (.))
                [!provide]                        PROVIDE (__fini_array_start, ABSOLUTE (.))
 *(.fini_array)
                [!provide]                        PROVIDE (__fini_array_end, ABSOLUTE (.))
 *(.eh_frame)
 *(.gcc_except_table .gcc_except_table.*)
 *(.dynamic)
                0x00000000000274ec                PROVIDE (__CTOR_LIST__, ABSOLUTE (.))
 *(.ctors)
 *(SORT(.ctors.*))
                0x00000000000274ec                PROVIDE (__CTOR_END__, ABSOLUTE (.))
                0x00000000000274ec                PROVIDE (__DTOR_LIST__, ABSOLUTE (.))
 *(.dtors)
 *(SORT(.dtors.*))
                0x00000000000274ec                PROVIDE (__DTOR_END__, ABSOLUTE (.))
 *(.jcr)
                0x00000000000274ec                . = ALIGN (0x4)

.rodata         0x00000000000274ec      0x784
                0x00000000000274ec                PROVIDE (__ram_rodata_start, ABSOLUTE (.))
                0x00000000000274ec                . = ALIGN (0x4)
 *(.rodata .rodata.* .gnu.linkonce.r.*)
 .rodata        0x00000000000274ec      0x227 obj/default/hello_ucosii.o
 .rodata        0x0000000000027713      0x100 /opt/intelFPGA/16.1/nios2eds/bin/gnu/H-x86_64-pc-linux-gnu/bin/../lib/gcc/nios2-elf/5.3.0/mhw-mulx/libgcc.a(_clz.o)
                0x0000000000027713                __clz_tab
 *fill*         0x0000000000027813        0x1 
 .rodata.str1.4
                0x0000000000027814       0x42 /opt/intelFPGA/16.1/nios2eds/bin/gnu/H-x86_64-pc-linux-gnu/bin/../lib/gcc/nios2-elf/5.3.0/../../../../../H-x86_64-pc-linux-gnu/nios2-elf/lib/mhw-mulx/libc.a(lib_a-svfprintf.o)
 .rodata.zeroes.4389
                0x0000000000027856       0x10 /opt/intelFPGA/16.1/nios2eds/bin/gnu/H-x86_64-pc-linux-gnu/bin/../lib/gcc/nios2-elf/5.3.0/../../../../../H-x86_64-pc-linux-gnu/nios2-elf/lib/mhw-mulx/libc.a(lib_a-svfprintf.o)
 .rodata.blanks.4388
                0x0000000000027866       0x10 /opt/intelFPGA/16.1/nios2eds/bin/gnu/H-x86_64-pc-linux-gnu/bin/../lib/gcc/nios2-elf/5.3.0/../../../../../H-x86_64-pc-linux-gnu/nios2-elf/lib/mhw-mulx/libc.a(lib_a-svfprintf.o)
 .rodata.str1.4
                0x0000000000027876       0x42 /opt/intelFPGA/16.1/nios2eds/bin/gnu/H-x86_64-pc-linux-gnu/bin/../lib/gcc/nios2-elf/5.3.0/../../../../../H-x86_64-pc-linux-gnu/nios2-elf/lib/mhw-mulx/libc.a(lib_a-vfprintf.o)
 .rodata.zeroes.4404
                0x0000000000027876       0x10 /opt/intelFPGA/16.1/nios2eds/bin/gnu/H-x86_64-pc-linux-gnu/bin/../lib/gcc/nios2-elf/5.3.0/../../../../../H-x86_64-pc-linux-gnu/nios2-elf/lib/mhw-mulx/libc.a(lib_a-vfprintf.o)
 .rodata.blanks.4403
                0x0000000000027886       0x10 /opt/intelFPGA/16.1/nios2eds/bin/gnu/H-x86_64-pc-linux-gnu/bin/../lib/gcc/nios2-elf/5.3.0/../../../../../H-x86_64-pc-linux-gnu/nios2-elf/lib/mhw-mulx/libc.a(lib_a-vfprintf.o)
 *fill*         0x0000000000027896        0x2 
 .rodata.str1.4
                0x0000000000027898       0x10 /opt/intelFPGA/16.1/nios2eds/bin/gnu/H-x86_64-pc-linux-gnu/bin/../lib/gcc/nios2-elf/5.3.0/../../../../../H-x86_64-pc-linux-gnu/nios2-elf/lib/mhw-mulx/libc.a(lib_a-dtoa.o)
                                         0x12 (size before relaxing)
 .rodata.str1.4
                0x00000000000278a8        0x2 /opt/intelFPGA/16.1/nios2eds/bin/gnu/H-x86_64-pc-linux-gnu/bin/../lib/gcc/nios2-elf/5.3.0/../../../../../H-x86_64-pc-linux-gnu/nios2-elf/lib/mhw-mulx/libc.a(lib_a-impure.o)
 *fill*         0x00000000000278aa        0x2 
 .rodata.str1.4
                0x00000000000278ac        0xc /opt/intelFPGA/16.1/nios2eds/bin/gnu/H-x86_64-pc-linux-gnu/bin/../lib/gcc/nios2-elf/5.3.0/../../../../../H-x86_64-pc-linux-gnu/nios2-elf/lib/mhw-mulx/libc.a(lib_a-locale.o)
                                         0x12 (size before relaxing)
 .rodata.p05.2768
                0x00000000000278b8        0xc /opt/intelFPGA/16.1/nios2eds/bin/gnu/H-x86_64-pc-linux-gnu/bin/../lib/gcc/nios2-elf/5.3.0/../../../../../H-x86_64-pc-linux-gnu/nios2-elf/lib/mhw-mulx/libc.a(lib_a-mprec.o)
 .rodata.__mprec_tinytens
                0x00000000000278c4       0x28 /opt/intelFPGA/16.1/nios2eds/bin/gnu/H-x86_64-pc-linux-gnu/bin/../lib/gcc/nios2-elf/5.3.0/../../../../../H-x86_64-pc-linux-gnu/nios2-elf/lib/mhw-mulx/libc.a(lib_a-mprec.o)
                0x00000000000278c4                __mprec_tinytens
 .rodata.__mprec_bigtens
                0x00000000000278ec       0x28 /opt/intelFPGA/16.1/nios2eds/bin/gnu/H-x86_64-pc-linux-gnu/bin/../lib/gcc/nios2-elf/5.3.0/../../../../../H-x86_64-pc-linux-gnu/nios2-elf/lib/mhw-mulx/libc.a(lib_a-mprec.o)
                0x00000000000278ec                __mprec_bigtens
 .rodata.__mprec_tens
                0x0000000000027914       0xc8 /opt/intelFPGA/16.1/nios2eds/bin/gnu/H-x86_64-pc-linux-gnu/bin/../lib/gcc/nios2-elf/5.3.0/../../../../../H-x86_64-pc-linux-gnu/nios2-elf/lib/mhw-mulx/libc.a(lib_a-mprec.o)
                0x0000000000027914                __mprec_tens
 .rodata.str1.4
                0x00000000000279dc       0x2f /opt/intelFPGA/16.1/nios2eds/bin/gnu/H-x86_64-pc-linux-gnu/bin/../lib/gcc/nios2-elf/5.3.0/../../../../../H-x86_64-pc-linux-gnu/nios2-elf/lib/mhw-mulx/libc.a(lib_a-svfiprintf.o)
 .rodata.zeroes.4333
                0x00000000000279dc       0x10 /opt/intelFPGA/16.1/nios2eds/bin/gnu/H-x86_64-pc-linux-gnu/bin/../lib/gcc/nios2-elf/5.3.0/../../../../../H-x86_64-pc-linux-gnu/nios2-elf/lib/mhw-mulx/libc.a(lib_a-svfiprintf.o)
 .rodata.blanks.4332
                0x00000000000279ec       0x10 /opt/intelFPGA/16.1/nios2eds/bin/gnu/H-x86_64-pc-linux-gnu/bin/../lib/gcc/nios2-elf/5.3.0/../../../../../H-x86_64-pc-linux-gnu/nios2-elf/lib/mhw-mulx/libc.a(lib_a-svfiprintf.o)
 .rodata.str1.4
                0x00000000000279fc       0x2f /opt/intelFPGA/16.1/nios2eds/bin/gnu/H-x86_64-pc-linux-gnu/bin/../lib/gcc/nios2-elf/5.3.0/../../../../../H-x86_64-pc-linux-gnu/nios2-elf/lib/mhw-mulx/libc.a(lib_a-vfiprintf.o)
 .rodata.zeroes.4349
                0x00000000000279fc       0x10 /opt/intelFPGA/16.1/nios2eds/bin/gnu/H-x86_64-pc-linux-gnu/bin/../lib/gcc/nios2-elf/5.3.0/../../../../../H-x86_64-pc-linux-gnu/nios2-elf/lib/mhw-mulx/libc.a(lib_a-vfiprintf.o)
 .rodata.blanks.4348
                0x0000000000027a0c       0x10 /opt/intelFPGA/16.1/nios2eds/bin/gnu/H-x86_64-pc-linux-gnu/bin/../lib/gcc/nios2-elf/5.3.0/../../../../../H-x86_64-pc-linux-gnu/nios2-elf/lib/mhw-mulx/libc.a(lib_a-vfiprintf.o)
 .rodata        0x0000000000027a1c        0xa ../ucosii_bsp//libucosii_bsp.a(alt_dev.o)
 *fill*         0x0000000000027a26        0x2 
 .rodata        0x0000000000027a28        0xf ../ucosii_bsp//libucosii_bsp.a(alt_main.o)
 *fill*         0x0000000000027a37        0x1 
 .rodata        0x0000000000027a38      0x11e ../ucosii_bsp//libucosii_bsp.a(os_core.o)
                0x0000000000027a38                OSUnMapTbl
 *fill*         0x0000000000027b56        0x2 
 .rodata        0x0000000000027b58      0x111 ../ucosii_bsp//libucosii_bsp.a(alt_sys_init.o)
 *fill*         0x0000000000027c69        0x3 
 .rodata        0x0000000000027c6c        0x2 ../ucosii_bsp//libucosii_bsp.a(os_cpu_c.o)
 *(.rodata1)
                0x0000000000027c70                . = ALIGN (0x4)
 *fill*         0x0000000000027c6e        0x2 
                0x0000000000027c70                PROVIDE (__ram_rodata_end, ABSOLUTE (.))
                0x00000000000274ec                PROVIDE (__flash_rodata_start, LOADADDR (.rodata))

.rwdata         0x0000000000027c70     0x1e04 load address 0x0000000000029a74
                0x0000000000027c70                PROVIDE (__ram_rwdata_start, ABSOLUTE (.))
                0x0000000000027c70                . = ALIGN (0x4)
 *(.got.plt)
 *(.got)
 *(.data1)
 *(.data .data.* .gnu.linkonce.d.*)
 .data          0x0000000000027c70        0x0 ../ucosii_bsp//obj/HAL/src/crt0.o
 .data          0x0000000000027c70        0x0 obj/default/de2_keys.o
 .data          0x0000000000027c70        0x0 obj/default/de2_lcd.o
 .data          0x0000000000027c70        0x0 obj/default/de2_led.o
 .data          0x0000000000027c70        0x0 obj/default/de2_seven_segment_hex.o
 .data          0x0000000000027c70        0x0 obj/default/de2_spencerAnimations.o
 .data          0x0000000000027c70        0x0 obj/default/de2_sw.o
 .data          0x0000000000027c70        0x0 obj/default/de2_vga.o
 .data          0x0000000000027c70        0x0 obj/default/hello_ucosii.o
 .data          0x0000000000027c70        0x0 /opt/intelFPGA/16.1/nios2eds/bin/gnu/H-x86_64-pc-linux-gnu/bin/../lib/gcc/nios2-elf/5.3.0/mhw-mulx/libgcc.a(floatsisf.o)
 .data          0x0000000000027c70        0x0 /opt/intelFPGA/16.1/nios2eds/bin/gnu/H-x86_64-pc-linux-gnu/bin/../lib/gcc/nios2-elf/5.3.0/mhw-mulx/libgcc.a(gedf2.o)
 .data          0x0000000000027c70        0x0 /opt/intelFPGA/16.1/nios2eds/bin/gnu/H-x86_64-pc-linux-gnu/bin/../lib/gcc/nios2-elf/5.3.0/mhw-mulx/libgcc.a(extendsfdf2.o)
 .data          0x0000000000027c70        0x0 /opt/intelFPGA/16.1/nios2eds/bin/gnu/H-x86_64-pc-linux-gnu/bin/../lib/gcc/nios2-elf/5.3.0/mhw-mulx/libgcc.a(_clzsi2.o)
 .data          0x0000000000027c70        0x0 /opt/intelFPGA/16.1/nios2eds/bin/gnu/H-x86_64-pc-linux-gnu/bin/../lib/gcc/nios2-elf/5.3.0/mhw-mulx/libgcc.a(_clz.o)
 .data          0x0000000000027c70        0x0 /opt/intelFPGA/16.1/nios2eds/bin/gnu/H-x86_64-pc-linux-gnu/bin/../lib/gcc/nios2-elf/5.3.0/../../../../../H-x86_64-pc-linux-gnu/nios2-elf/lib/mhw-mulx/libc.a(lib_a-memcpy.o)
 .data          0x0000000000027c70        0x0 /opt/intelFPGA/16.1/nios2eds/bin/gnu/H-x86_64-pc-linux-gnu/bin/../lib/gcc/nios2-elf/5.3.0/../../../../../H-x86_64-pc-linux-gnu/nios2-elf/lib/mhw-mulx/libc.a(lib_a-printf.o)
 .data          0x0000000000027c70        0x0 /opt/intelFPGA/16.1/nios2eds/bin/gnu/H-x86_64-pc-linux-gnu/bin/../lib/gcc/nios2-elf/5.3.0/../../../../../H-x86_64-pc-linux-gnu/nios2-elf/lib/mhw-mulx/libc.a(lib_a-rand.o)
 .data          0x0000000000027c70        0x0 /opt/intelFPGA/16.1/nios2eds/bin/gnu/H-x86_64-pc-linux-gnu/bin/../lib/gcc/nios2-elf/5.3.0/../../../../../H-x86_64-pc-linux-gnu/nios2-elf/lib/mhw-mulx/libc.a(lib_a-sprintf.o)
 .data          0x0000000000027c70        0x0 /opt/intelFPGA/16.1/nios2eds/bin/gnu/H-x86_64-pc-linux-gnu/bin/../lib/gcc/nios2-elf/5.3.0/../../../../../H-x86_64-pc-linux-gnu/nios2-elf/lib/mhw-mulx/libc.a(lib_a-svfprintf.o)
 .data          0x0000000000027c70        0x0 /opt/intelFPGA/16.1/nios2eds/bin/gnu/H-x86_64-pc-linux-gnu/bin/../lib/gcc/nios2-elf/5.3.0/../../../../../H-x86_64-pc-linux-gnu/nios2-elf/lib/mhw-mulx/libc.a(lib_a-vfprintf.o)
 .data          0x0000000000027c70        0x0 /opt/intelFPGA/16.1/nios2eds/bin/gnu/H-x86_64-pc-linux-gnu/bin/../lib/gcc/nios2-elf/5.3.0/../../../../../H-x86_64-pc-linux-gnu/nios2-elf/lib/mhw-mulx/libc.a(lib_a-wsetup.o)
 .data          0x0000000000027c70        0x0 /opt/intelFPGA/16.1/nios2eds/bin/gnu/H-x86_64-pc-linux-gnu/bin/../lib/gcc/nios2-elf/5.3.0/../../../../../H-x86_64-pc-linux-gnu/nios2-elf/lib/mhw-mulx/libc.a(lib_a-dtoa.o)
 .data          0x0000000000027c70        0x0 /opt/intelFPGA/16.1/nios2eds/bin/gnu/H-x86_64-pc-linux-gnu/bin/../lib/gcc/nios2-elf/5.3.0/../../../../../H-x86_64-pc-linux-gnu/nios2-elf/lib/mhw-mulx/libc.a(lib_a-fflush.o)
 .data          0x0000000000027c70        0x0 /opt/intelFPGA/16.1/nios2eds/bin/gnu/H-x86_64-pc-linux-gnu/bin/../lib/gcc/nios2-elf/5.3.0/../../../../../H-x86_64-pc-linux-gnu/nios2-elf/lib/mhw-mulx/libc.a(lib_a-findfp.o)
 .data          0x0000000000027c70        0x0 /opt/intelFPGA/16.1/nios2eds/bin/gnu/H-x86_64-pc-linux-gnu/bin/../lib/gcc/nios2-elf/5.3.0/../../../../../H-x86_64-pc-linux-gnu/nios2-elf/lib/mhw-mulx/libc.a(lib_a-freer.o)
 .data          0x0000000000027c70        0x0 /opt/intelFPGA/16.1/nios2eds/bin/gnu/H-x86_64-pc-linux-gnu/bin/../lib/gcc/nios2-elf/5.3.0/../../../../../H-x86_64-pc-linux-gnu/nios2-elf/lib/mhw-mulx/libc.a(lib_a-fwalk.o)
 .data          0x0000000000027c70        0x0 /opt/intelFPGA/16.1/nios2eds/bin/gnu/H-x86_64-pc-linux-gnu/bin/../lib/gcc/nios2-elf/5.3.0/../../../../../H-x86_64-pc-linux-gnu/nios2-elf/lib/mhw-mulx/libc.a(lib_a-impure.o)
 .data.impure_data
                0x0000000000027c70      0x424 /opt/intelFPGA/16.1/nios2eds/bin/gnu/H-x86_64-pc-linux-gnu/bin/../lib/gcc/nios2-elf/5.3.0/../../../../../H-x86_64-pc-linux-gnu/nios2-elf/lib/mhw-mulx/libc.a(lib_a-impure.o)
 .data          0x0000000000028094        0x0 /opt/intelFPGA/16.1/nios2eds/bin/gnu/H-x86_64-pc-linux-gnu/bin/../lib/gcc/nios2-elf/5.3.0/../../../../../H-x86_64-pc-linux-gnu/nios2-elf/lib/mhw-mulx/libc.a(lib_a-locale.o)
 .data.lc_message_charset
                0x0000000000028094       0x20 /opt/intelFPGA/16.1/nios2eds/bin/gnu/H-x86_64-pc-linux-gnu/bin/../lib/gcc/nios2-elf/5.3.0/../../../../../H-x86_64-pc-linux-gnu/nios2-elf/lib/mhw-mulx/libc.a(lib_a-locale.o)
 .data.lc_ctype_charset
                0x00000000000280b4       0x20 /opt/intelFPGA/16.1/nios2eds/bin/gnu/H-x86_64-pc-linux-gnu/bin/../lib/gcc/nios2-elf/5.3.0/../../../../../H-x86_64-pc-linux-gnu/nios2-elf/lib/mhw-mulx/libc.a(lib_a-locale.o)
 .data.lconv    0x00000000000280d4       0x38 /opt/intelFPGA/16.1/nios2eds/bin/gnu/H-x86_64-pc-linux-gnu/bin/../lib/gcc/nios2-elf/5.3.0/../../../../../H-x86_64-pc-linux-gnu/nios2-elf/lib/mhw-mulx/libc.a(lib_a-locale.o)
 .data          0x000000000002810c        0x0 /opt/intelFPGA/16.1/nios2eds/bin/gnu/H-x86_64-pc-linux-gnu/bin/../lib/gcc/nios2-elf/5.3.0/../../../../../H-x86_64-pc-linux-gnu/nios2-elf/lib/mhw-mulx/libc.a(lib_a-makebuf.o)
 .data          0x000000000002810c        0x0 /opt/intelFPGA/16.1/nios2eds/bin/gnu/H-x86_64-pc-linux-gnu/bin/../lib/gcc/nios2-elf/5.3.0/../../../../../H-x86_64-pc-linux-gnu/nios2-elf/lib/mhw-mulx/libc.a(lib_a-mallocr.o)
 .data.__malloc_av_
                0x000000000002810c      0x408 /opt/intelFPGA/16.1/nios2eds/bin/gnu/H-x86_64-pc-linux-gnu/bin/../lib/gcc/nios2-elf/5.3.0/../../../../../H-x86_64-pc-linux-gnu/nios2-elf/lib/mhw-mulx/libc.a(lib_a-mallocr.o)
                0x000000000002810c                __malloc_av_
 .data          0x0000000000028514        0x0 /opt/intelFPGA/16.1/nios2eds/bin/gnu/H-x86_64-pc-linux-gnu/bin/../lib/gcc/nios2-elf/5.3.0/../../../../../H-x86_64-pc-linux-gnu/nios2-elf/lib/mhw-mulx/libc.a(lib_a-memchr.o)
 .data          0x0000000000028514        0x0 /opt/intelFPGA/16.1/nios2eds/bin/gnu/H-x86_64-pc-linux-gnu/bin/../lib/gcc/nios2-elf/5.3.0/../../../../../H-x86_64-pc-linux-gnu/nios2-elf/lib/mhw-mulx/libc.a(lib_a-memset.o)
 .data          0x0000000000028514        0x0 /opt/intelFPGA/16.1/nios2eds/bin/gnu/H-x86_64-pc-linux-gnu/bin/../lib/gcc/nios2-elf/5.3.0/../../../../../H-x86_64-pc-linux-gnu/nios2-elf/lib/mhw-mulx/libc.a(lib_a-mprec.o)
 .data          0x0000000000028514        0x0 /opt/intelFPGA/16.1/nios2eds/bin/gnu/H-x86_64-pc-linux-gnu/bin/../lib/gcc/nios2-elf/5.3.0/../../../../../H-x86_64-pc-linux-gnu/nios2-elf/lib/mhw-mulx/libc.a(lib_a-s_fpclassify.o)
 .data          0x0000000000028514        0x0 /opt/intelFPGA/16.1/nios2eds/bin/gnu/H-x86_64-pc-linux-gnu/bin/../lib/gcc/nios2-elf/5.3.0/../../../../../H-x86_64-pc-linux-gnu/nios2-elf/lib/mhw-mulx/libc.a(lib_a-sbrkr.o)
 .data          0x0000000000028514        0x0 /opt/intelFPGA/16.1/nios2eds/bin/gnu/H-x86_64-pc-linux-gnu/bin/../lib/gcc/nios2-elf/5.3.0/../../../../../H-x86_64-pc-linux-gnu/nios2-elf/lib/mhw-mulx/libc.a(lib_a-stdio.o)
 .data          0x0000000000028514        0x0 /opt/intelFPGA/16.1/nios2eds/bin/gnu/H-x86_64-pc-linux-gnu/bin/../lib/gcc/nios2-elf/5.3.0/../../../../../H-x86_64-pc-linux-gnu/nios2-elf/lib/mhw-mulx/libc.a(lib_a-strcmp.o)
 .data          0x0000000000028514        0x0 /opt/intelFPGA/16.1/nios2eds/bin/gnu/H-x86_64-pc-linux-gnu/bin/../lib/gcc/nios2-elf/5.3.0/../../../../../H-x86_64-pc-linux-gnu/nios2-elf/lib/mhw-mulx/libc.a(lib_a-strlen.o)
 .data          0x0000000000028514        0x0 /opt/intelFPGA/16.1/nios2eds/bin/gnu/H-x86_64-pc-linux-gnu/bin/../lib/gcc/nios2-elf/5.3.0/../../../../../H-x86_64-pc-linux-gnu/nios2-elf/lib/mhw-mulx/libc.a(lib_a-svfiprintf.o)
 .data          0x0000000000028514        0x0 /opt/intelFPGA/16.1/nios2eds/bin/gnu/H-x86_64-pc-linux-gnu/bin/../lib/gcc/nios2-elf/5.3.0/../../../../../H-x86_64-pc-linux-gnu/nios2-elf/lib/mhw-mulx/libc.a(lib_a-vfiprintf.o)
 .data          0x0000000000028514        0x0 /opt/intelFPGA/16.1/nios2eds/bin/gnu/H-x86_64-pc-linux-gnu/bin/../lib/gcc/nios2-elf/5.3.0/../../../../../H-x86_64-pc-linux-gnu/nios2-elf/lib/mhw-mulx/libc.a(lib_a-writer.o)
 .data          0x0000000000028514        0x0 /opt/intelFPGA/16.1/nios2eds/bin/gnu/H-x86_64-pc-linux-gnu/bin/../lib/gcc/nios2-elf/5.3.0/../../../../../H-x86_64-pc-linux-gnu/nios2-elf/lib/mhw-mulx/libc.a(closer.o)
 .data          0x0000000000028514        0x0 /opt/intelFPGA/16.1/nios2eds/bin/gnu/H-x86_64-pc-linux-gnu/bin/../lib/gcc/nios2-elf/5.3.0/../../../../../H-x86_64-pc-linux-gnu/nios2-elf/lib/mhw-mulx/libc.a(lib_a-callocr.o)
 .data          0x0000000000028514        0x0 /opt/intelFPGA/16.1/nios2eds/bin/gnu/H-x86_64-pc-linux-gnu/bin/../lib/gcc/nios2-elf/5.3.0/../../../../../H-x86_64-pc-linux-gnu/nios2-elf/lib/mhw-mulx/libc.a(lib_a-fclose.o)
 .data          0x0000000000028514        0x0 /opt/intelFPGA/16.1/nios2eds/bin/gnu/H-x86_64-pc-linux-gnu/bin/../lib/gcc/nios2-elf/5.3.0/../../../../../H-x86_64-pc-linux-gnu/nios2-elf/lib/mhw-mulx/libc.a(lib_a-fputwc.o)
 .data          0x0000000000028514        0x0 /opt/intelFPGA/16.1/nios2eds/bin/gnu/H-x86_64-pc-linux-gnu/bin/../lib/gcc/nios2-elf/5.3.0/../../../../../H-x86_64-pc-linux-gnu/nios2-elf/lib/mhw-mulx/libc.a(lib_a-fstatr.o)
 .data          0x0000000000028514        0x0 /opt/intelFPGA/16.1/nios2eds/bin/gnu/H-x86_64-pc-linux-gnu/bin/../lib/gcc/nios2-elf/5.3.0/../../../../../H-x86_64-pc-linux-gnu/nios2-elf/lib/mhw-mulx/libc.a(lib_a-fvwrite.o)
 .data          0x0000000000028514        0x0 /opt/intelFPGA/16.1/nios2eds/bin/gnu/H-x86_64-pc-linux-gnu/bin/../lib/gcc/nios2-elf/5.3.0/../../../../../H-x86_64-pc-linux-gnu/nios2-elf/lib/mhw-mulx/libc.a(lib_a-int_errno.o)